Archive member included because of file (symbol)

c:/freescale/kds_2.0.0/toolchain/bin/../lib/gcc/arm-none-eabi/4.8.0/m4/fp/v4-sp-d16\libgcc.a(_arm_addsubdf3.o)
                              ./Sources/main.o (__aeabi_dadd)
c:/freescale/kds_2.0.0/toolchain/bin/../lib/gcc/arm-none-eabi/4.8.0/m4/fp/v4-sp-d16\libgcc.a(_arm_muldivdf3.o)
                              ./Sources/main.o (__aeabi_dmul)
c:/freescale/kds_2.0.0/toolchain/bin/../lib/gcc/arm-none-eabi/4.8.0/m4/fp/v4-sp-d16\libgcc.a(_arm_fixdfsi.o)
                              ./Sources/main.o (__aeabi_d2iz)
c:/freescale/kds_2.0.0/toolchain/bin/../lib/gcc/arm-none-eabi/4.8.0/../../../../arm-none-eabi/lib/m4/fp/v4-sp-d16\libg_s.a(lib_a-atexit.o)
                              c:/freescale/kds_2.0.0/toolchain/bin/../lib/gcc/arm-none-eabi/4.8.0/../../../../arm-none-eabi/lib/m4/fp/v4-sp-d16/crt0.o (atexit)
c:/freescale/kds_2.0.0/toolchain/bin/../lib/gcc/arm-none-eabi/4.8.0/../../../../arm-none-eabi/lib/m4/fp/v4-sp-d16\libg_s.a(lib_a-exit.o)
                              c:/freescale/kds_2.0.0/toolchain/bin/../lib/gcc/arm-none-eabi/4.8.0/../../../../arm-none-eabi/lib/m4/fp/v4-sp-d16/crt0.o (exit)
c:/freescale/kds_2.0.0/toolchain/bin/../lib/gcc/arm-none-eabi/4.8.0/../../../../arm-none-eabi/lib/m4/fp/v4-sp-d16\libg_s.a(lib_a-fini.o)
                              c:/freescale/kds_2.0.0/toolchain/bin/../lib/gcc/arm-none-eabi/4.8.0/../../../../arm-none-eabi/lib/m4/fp/v4-sp-d16\libg_s.a(lib_a-exit.o) (__libc_fini_array)
c:/freescale/kds_2.0.0/toolchain/bin/../lib/gcc/arm-none-eabi/4.8.0/../../../../arm-none-eabi/lib/m4/fp/v4-sp-d16\libg_s.a(lib_a-impure.o)
                              c:/freescale/kds_2.0.0/toolchain/bin/../lib/gcc/arm-none-eabi/4.8.0/../../../../arm-none-eabi/lib/m4/fp/v4-sp-d16\libg_s.a(lib_a-exit.o) (_global_impure_ptr)
c:/freescale/kds_2.0.0/toolchain/bin/../lib/gcc/arm-none-eabi/4.8.0/../../../../arm-none-eabi/lib/m4/fp/v4-sp-d16\libg_s.a(lib_a-memset.o)
                              c:/freescale/kds_2.0.0/toolchain/bin/../lib/gcc/arm-none-eabi/4.8.0/../../../../arm-none-eabi/lib/m4/fp/v4-sp-d16/crt0.o (memset)
c:/freescale/kds_2.0.0/toolchain/bin/../lib/gcc/arm-none-eabi/4.8.0/../../../../arm-none-eabi/lib/m4/fp/v4-sp-d16\libg_s.a(lib_a-syscalls.o)
                              c:/freescale/kds_2.0.0/toolchain/bin/../lib/gcc/arm-none-eabi/4.8.0/../../../../arm-none-eabi/lib/m4/fp/v4-sp-d16\libg_s.a(lib_a-exit.o) (_exit)
c:/freescale/kds_2.0.0/toolchain/bin/../lib/gcc/arm-none-eabi/4.8.0/../../../../arm-none-eabi/lib/m4/fp/v4-sp-d16\libg_s.a(lib_a-__atexit.o)
                              c:/freescale/kds_2.0.0/toolchain/bin/../lib/gcc/arm-none-eabi/4.8.0/../../../../arm-none-eabi/lib/m4/fp/v4-sp-d16\libg_s.a(lib_a-atexit.o) (__do_register_exitproc)
c:/freescale/kds_2.0.0/toolchain/bin/../lib/gcc/arm-none-eabi/4.8.0/../../../../arm-none-eabi/lib/m4/fp/v4-sp-d16\libg_s.a(lib_a-__call_atexit.o)
                              c:/freescale/kds_2.0.0/toolchain/bin/../lib/gcc/arm-none-eabi/4.8.0/../../../../arm-none-eabi/lib/m4/fp/v4-sp-d16\libg_s.a(lib_a-__atexit.o) (__call_exitprocs)
c:/freescale/kds_2.0.0/toolchain/bin/../lib/gcc/arm-none-eabi/4.8.0/../../../../arm-none-eabi/lib/m4/fp/v4-sp-d16\libg_s.a(lib_a-errno.o)
                              c:/freescale/kds_2.0.0/toolchain/bin/../lib/gcc/arm-none-eabi/4.8.0/../../../../arm-none-eabi/lib/m4/fp/v4-sp-d16\libg_s.a(lib_a-syscalls.o) (__errno)
c:/freescale/kds_2.0.0/toolchain/bin/../lib/gcc/arm-none-eabi/4.8.0/../../../../arm-none-eabi/lib/m4/fp/v4-sp-d16\libg_s.a(lib_a-malloc.o)
                              c:/freescale/kds_2.0.0/toolchain/bin/../lib/gcc/arm-none-eabi/4.8.0/../../../../arm-none-eabi/lib/m4/fp/v4-sp-d16\libg_s.a(lib_a-__atexit.o) (malloc)
c:/freescale/kds_2.0.0/toolchain/bin/../lib/gcc/arm-none-eabi/4.8.0/../../../../arm-none-eabi/lib/m4/fp/v4-sp-d16\libg_s.a(lib_a-mallocr.o)
                              c:/freescale/kds_2.0.0/toolchain/bin/../lib/gcc/arm-none-eabi/4.8.0/../../../../arm-none-eabi/lib/m4/fp/v4-sp-d16\libg_s.a(lib_a-malloc.o) (_malloc_r)
c:/freescale/kds_2.0.0/toolchain/bin/../lib/gcc/arm-none-eabi/4.8.0/../../../../arm-none-eabi/lib/m4/fp/v4-sp-d16\libg_s.a(lib_a-sbrkr.o)
                              c:/freescale/kds_2.0.0/toolchain/bin/../lib/gcc/arm-none-eabi/4.8.0/../../../../arm-none-eabi/lib/m4/fp/v4-sp-d16\libg_s.a(lib_a-mallocr.o) (_sbrk_r)
c:/freescale/kds_2.0.0/toolchain/bin/../lib/gcc/arm-none-eabi/4.8.0/../../../../arm-none-eabi/lib/m4/fp/v4-sp-d16\libg_s.a(lib_a-strlen.o)
                              c:/freescale/kds_2.0.0/toolchain/bin/../lib/gcc/arm-none-eabi/4.8.0/../../../../arm-none-eabi/lib/m4/fp/v4-sp-d16\libg_s.a(lib_a-syscalls.o) (strlen)
c:/freescale/kds_2.0.0/toolchain/bin/../lib/gcc/arm-none-eabi/4.8.0/../../../../arm-none-eabi/lib/m4/fp/v4-sp-d16\libg_s.a(lib_a-freer.o)
[...]
Memory Configuration

Name             Origin             Length             Attributes
m_interrupts     0x00000000         0x00000198         xr
m_text           0x00000410         0x000ffbf0         xr
m_data_1FFF0000  0x1fff0000         0x00010000         rw
m_data           0x20000000         0x00030000         rw
m_cfmprotrom     0x00000400         0x00000010         xr
*default*        0x00000000         0xffffffff

Linker script and memory map

LOAD c:/freescale/kds_2.0.0/toolchain/bin/../lib/gcc/arm-none-eabi/4.8.0/m4/fp/v4-sp-d16/crti.o
LOAD c:/freescale/kds_2.0.0/toolchain/bin/../lib/gcc/arm-none-eabi/4.8.0/m4/fp/v4-sp-d16/crtbegin.o
LOAD c:/freescale/kds_2.0.0/toolchain/bin/../lib/gcc/arm-none-eabi/4.8.0/../../../../arm-none-eabi/lib/m4/fp/v4-sp-d16/crt0.o
LOAD ./Static_Code/System/CPU_Init.o
LOAD ./Static_Code/System/Peripherals_Init.o
LOAD ./Static_Code/System/Vectors.o
LOAD ./Sources/Events.o
LOAD ./Sources/UART.o
LOAD ./Sources/main.o
LOAD ./Project_Settings/Startup_Code/startup.o
LOAD ./Generated_Code/AS1.o
LOAD ./Generated_Code/AS2.o
LOAD ./Generated_Code/ASerialLdd1.o
LOAD ./Generated_Code/ASerialLdd2.o
LOAD ./Generated_Code/Cpu.o
LOAD ./Generated_Code/LED_AZUL.o
LOAD ./Generated_Code/LED_ROJO.o
LOAD ./Generated_Code/LED_VERDE.o
LOAD ./Generated_Code/PE_LDD.o
LOAD ./Generated_Code/Pins1.o
LOAD ./Generated_Code/TI1.o
LOAD ./Generated_Code/TU1.o
LOAD ./Generated_Code/TimerIntLdd1.o
LOAD c:/freescale/kds_2.0.0/toolchain/bin/../lib/gcc/arm-none-eabi/4.8.0/../../../../arm-none-eabi/lib/m4/fp/v4-sp-d16\libstdc++.a
LOAD c:/freescale/kds_2.0.0/toolchain/bin/../lib/gcc/arm-none-eabi/4.8.0/../../../../arm-none-eabi/lib/m4/fp/v4-sp-d16\libm.a
START GROUP
LOAD c:/freescale/kds_2.0.0/toolchain/bin/../lib/gcc/arm-none-eabi/4.8.0/m4/fp/v4-sp-d16\libgcc.a
LOAD c:/freescale/kds_2.0.0/toolchain/bin/../lib/gcc/arm-none-eabi/4.8.0/../../../../arm-none-eabi/lib/m4/fp/v4-sp-d16\libg_s.a
LOAD c:/freescale/kds_2.0.0/toolchain/bin/../lib/gcc/arm-none-eabi/4.8.0/../../../../arm-none-eabi/lib/m4/fp/v4-sp-d16\libc_s.a
END GROUP
LOAD c:/freescale/kds_2.0.0/toolchain/bin/../lib/gcc/arm-none-eabi/4.8.0/m4/fp/v4-sp-d16/crtend.o
LOAD c:/freescale/kds_2.0.0/toolchain/bin/../lib/gcc/arm-none-eabi/4.8.0/m4/fp/v4-sp-d16/crtn.o
                0x20030000                _estack = 0x20030000
                0x20030000                __SP_INIT = _estack
                0x00000000                __heap_size = 0x0
                0x00000400                __stack_size = 0x400

.interrupts     0x00000000      0x198
                0x00000000                __vector_table = .
                0x00000000                . = ALIGN (0x4)
 *(.vectortable)
 .vectortable   0x00000000      0x198 ./Static_Code/System/Vectors.o
                0x00000000                __vect_table
                0x00000198                . = ALIGN (0x4)

.cfmprotect     0x00000400       0x10
                0x00000400                . = ALIGN (0x4)
 *(.cfmconfig)
 .cfmconfig     0x00000400       0x10 ./Static_Code/System/CPU_Init.o
                0x00000400                _cfm
                0x00000410                . = ALIGN (0x4)

.text           0x00000410     0x3044
                0x00000410                . = ALIGN (0x4)
 *(.text)
 .text          0x00000410      0x370 c:/freescale/kds_2.0.0/toolchain/bin/../lib/gcc/arm-none-eabi/4.8.0/m4/fp/v4-sp-d16\libgcc.a(_arm_addsubdf3.o)
                0x00000410                __aeabi_drsub
                0x00000418                __aeabi_dsub
                0x00000418                __subdf3
                0x0000041c                __aeabi_dadd
                0x0000041c                __adddf3
                0x00000694                __floatunsidf
                0x00000694                __aeabi_ui2d
                0x000006b4                __floatsidf
                0x000006b4                __aeabi_i2d
                0x000006d8                __aeabi_f2d
                0x000006d8                __extendsfdf2
                0x00000714                __floatundidf
                0x00000714                __aeabi_ul2d
                0x00000724                __floatdidf
                0x00000724                __aeabi_l2d
 .text          0x00000780      0x424 c:/freescale/kds_2.0.0/toolchain/bin/../lib/gcc/arm-none-eabi/4.8.0/m4/fp/v4-sp-d16\libgcc.a(_arm_muldivdf3.o)
                0x00000780                __aeabi_dmul
                0x00000780                __muldf3
                0x000009d4                __divdf3
                0x000009d4                __aeabi_ddiv
 .text          0x00000ba4       0x50 c:/freescale/kds_2.0.0/toolchain/bin/../lib/gcc/arm-none-eabi/4.8.0/m4/fp/v4-sp-d16\libgcc.a(_arm_fixdfsi.o)
                0x00000ba4                __aeabi_d2iz
                0x00000ba4                __fixdfsi
 *(.text*)
 .text.deregister_tm_clones
                0x00000bf4       0x20 c:/freescale/kds_2.0.0/toolchain/bin/../lib/gcc/arm-none-eabi/4.8.0/m4/fp/v4-sp-d16/crtbegin.o
 .text.register_tm_clones
                0x00000c14       0x28 c:/freescale/kds_2.0.0/toolchain/bin/../lib/gcc/arm-none-eabi/4.8.0/m4/fp/v4-sp-d16/crtbegin.o
 .text.__do_global_dtors_aux
                0x00000c3c       0x2c c:/freescale/kds_2.0.0/toolchain/bin/../lib/gcc/arm-none-eabi/4.8.0/m4/fp/v4-sp-d16/crtbegin.o
 .text.frame_dummy
                0x00000c68       0x38 c:/freescale/kds_2.0.0/toolchain/bin/../lib/gcc/arm-none-eabi/4.8.0/m4/fp/v4-sp-d16/crtbegin.o
 .text.CPU_SetBASEPRI
                0x00000ca0       0x18 ./Static_Code/System/CPU_Init.o
                0x00000ca0                CPU_SetBASEPRI
 .text.__init_hardware
                0x00000cb8       0xb4 ./Static_Code/System/CPU_Init.o
                0x00000cb8                __init_hardware
 .text.PE_low_level_init
                0x00000d6c       0x60 ./Static_Code/System/CPU_Init.o
                0x00000d6c                PE_low_level_init
 .text.CPU_GetClockGenMode
                0x00000dcc       0xb0 ./Static_Code/System/CPU_Init.o
                0x00000dcc                CPU_GetClockGenMode
 .text.CPU_SetClockConfigGenMode
                0x00000e7c      0x7b4 ./Static_Code/System/CPU_Init.o
                0x00000e7c                CPU_SetClockConfigGenMode
 .text.UnhandledInterrupt
                0x00001630       0x18 ./Static_Code/System/Vectors.o
                0x00001630                UnhandledInterrupt
 .text.Cpu_OnNMI
                0x00001648        0xc ./Sources/Events.o
                0x00001648                Cpu_OnNMI
 .text.TI1_OnInterrupt
                0x00001654       0x30 ./Sources/Events.o
                0x00001654                TI1_OnInterrupt
 .text.AS2_OnError
                0x00001684        0xc ./Sources/Events.o
                0x00001684                AS2_OnError
 .text.AS2_OnRxChar
                0x00001690        0xc ./Sources/Events.o
                0x00001690                AS2_OnRxChar
 .text.AS2_OnTxChar
                0x0000169c        0xc ./Sources/Events.o
                0x0000169c                AS2_OnTxChar
 .text.UART_Write_Numero_Int
                0x000016a8      0x114 ./Sources/UART.o
                0x000016a8                UART_Write_Numero_Int
 .text.obtenerEncoder
                0x000017bc       0xcc ./Sources/main.o
 .text.main     0x00001888      0x398 ./Sources/main.o
                0x00001888                main
 .text.__flush_cache
                0x00001c20       0x14 ./Project_Settings/Startup_Code/startup.o
                0x00001c20                __flush_cache
 .text.__copy_rom_section
                0x00001c34       0xe4 ./Project_Settings/Startup_Code/startup.o
                0x00001c34                __copy_rom_section
 .text.__copy_rom_sections_to_ram
                0x00001d18       0xf8 ./Project_Settings/Startup_Code/startup.o
                0x00001d18                __copy_rom_sections_to_ram
 .text.zero_fill_bss
                0x00001e10       0xbc ./Project_Settings/Startup_Code/startup.o
 .text.__init_registers
                0x00001ecc       0x20 ./Project_Settings/Startup_Code/startup.o
                0x00001ecc                __init_registers
 .text.__init_user
                0x00001eec        0xc ./Project_Settings/Startup_Code/startup.o
                0x00001eec                __init_user
 .text.__thumb_startup
                0x00001ef8       0x50 ./Project_Settings/Startup_Code/startup.o
                0x00001ef8                __thumb_startup
 .text.HWEnDi   0x00001f48       0x20 ./Generated_Code/AS1.o
 .text.AS1_RecvChar
                0x00001f68       0xa0 ./Generated_Code/AS1.o
                0x00001f68                AS1_RecvChar
 .text.AS1_SendChar
                0x00002008       0x7c ./Generated_Code/AS1.o
                0x00002008                AS1_SendChar
 .text.AS1_Init
                0x00002084       0x28 ./Generated_Code/AS1.o
                0x00002084                AS1_Init
 .text.ASerialLdd1_OnBreak
                0x000020ac       0x2c ./Generated_Code/AS1.o
                0x000020ac                ASerialLdd1_OnBreak
 .text.HWEnDi   0x000020d8       0x20 ./Generated_Code/AS2.o
 .text.AS2_RecvChar
                0x000020f8       0xe0 ./Generated_Code/AS2.o
                0x000020f8                AS2_RecvChar
 .text.AS2_SendChar
                0x000021d8       0xd0 ./Generated_Code/AS2.o
                0x000021d8                AS2_SendChar
 .text.AS2_Init
                0x000022a8       0x28 ./Generated_Code/AS2.o
                0x000022a8                AS2_Init
 .text.ASerialLdd2_OnBlockReceived
                0x000022d0       0x8c ./Generated_Code/AS2.o
                0x000022d0                ASerialLdd2_OnBlockReceived
 .text.ASerialLdd2_OnBlockSent
                0x0000235c       0x54 ./Generated_Code/AS2.o
                0x0000235c                ASerialLdd2_OnBlockSent
 .text.ASerialLdd2_OnError
                0x000023b0       0xc8 ./Generated_Code/AS2.o
                0x000023b0                ASerialLdd2_OnError
 .text.ASerialLdd2_OnBreak
                0x00002478       0x2c ./Generated_Code/AS2.o
                0x00002478                ASerialLdd2_OnBreak
 .text.ASerialLdd1_Init
                0x000024a4      0x224 ./Generated_Code/ASerialLdd1.o
                0x000024a4                ASerialLdd1_Init
 .text.ASerialLdd1_ReceiveBlock
                0x000026c8       0x48 ./Generated_Code/ASerialLdd1.o
                0x000026c8                ASerialLdd1_ReceiveBlock
 .text.ASerialLdd1_SendBlock
                0x00002710       0x58 ./Generated_Code/ASerialLdd1.o
                0x00002710                ASerialLdd1_SendBlock
 .text.ASerialLdd1_GetReceivedDataNum
                0x00002768       0x1c ./Generated_Code/ASerialLdd1.o
                0x00002768                ASerialLdd1_GetReceivedDataNum
 .text.InterruptRx
                0x00002784       0x54 ./Generated_Code/ASerialLdd1.o
 .text.InterruptTx
                0x000027d8       0x64 ./Generated_Code/ASerialLdd1.o
 .text.ASerialLdd1_Main
                0x0000283c       0xe0 ./Generated_Code/ASerialLdd1.o
                0x0000283c                ASerialLdd1_Main
 .text.ASerialLdd1_GetError
                0x0000291c       0x2c ./Generated_Code/ASerialLdd1.o
                0x0000291c                ASerialLdd1_GetError
 .text.ASerialLdd2_Init
                0x00002948      0x2c0 ./Generated_Code/ASerialLdd2.o
                0x00002948                ASerialLdd2_Init
 .text.ASerialLdd2_ReceiveBlock
                0x00002c08       0xb0 ./Generated_Code/ASerialLdd2.o
                0x00002c08                ASerialLdd2_ReceiveBlock
 .text.ASerialLdd2_SendBlock
                0x00002cb8       0xf0 ./Generated_Code/ASerialLdd2.o
                0x00002cb8                ASerialLdd2_SendBlock
 .text.InterruptRx
                0x00002da8       0x5c ./Generated_Code/ASerialLdd2.o
 .text.InterruptTx
                0x00002e04       0x9c ./Generated_Code/ASerialLdd2.o
 .text.ASerialLdd2_Interrupt
                0x00002ea0      0x100 ./Generated_Code/ASerialLdd2.o
                0x00002ea0                ASerialLdd2_Interrupt
 .text.ASerialLdd2_GetError
                0x00002fa0       0x90 ./Generated_Code/ASerialLdd2.o
                0x00002fa0                ASerialLdd2_GetError
 .text.Components_Init
                0x00003030       0x14 ./Generated_Code/Cpu.o
                0x00003030                Components_Init
 .text.Cpu_INT_NMIInterrupt
                0x00003044       0x1c ./Generated_Code/Cpu.o
                0x00003044                Cpu_INT_NMIInterrupt
 .text.LED_AZUL_NegVal
                0x00003060       0x20 ./Generated_Code/LED_AZUL.o
                0x00003060                LED_AZUL_NegVal
 .text.LED_ROJO_SetVal
                0x00003080       0x20 ./Generated_Code/LED_ROJO.o
                0x00003080                LED_ROJO_SetVal
 .text.LED_VERDE_SetVal
                0x000030a0       0x20 ./Generated_Code/LED_VERDE.o
                0x000030a0                LED_VERDE_SetVal
 .text.TimerIntLdd1_OnInterrupt
                0x000030c0       0x14 ./Generated_Code/TI1.o
                0x000030c0                TimerIntLdd1_OnInterrupt
 .text.TU1_Init
                0x000030d4      0x174 ./Generated_Code/TU1.o
                0x000030d4                TU1_Init
 .text.TU1_Interrupt
                0x00003248       0x7c ./Generated_Code/TU1.o
                0x00003248                TU1_Interrupt
 .text.TimerIntLdd1_Init
                0x000032c4       0x58 ./Generated_Code/TimerIntLdd1.o
                0x000032c4                TimerIntLdd1_Init
 .text.TU1_OnCounterRestart
                0x0000331c       0x24 ./Generated_Code/TimerIntLdd1.o
                0x0000331c                TU1_OnCounterRestart
 *(.rodata)
 *(.rodata*)
 .rodata.ClockGenModeMatrix
                0x00003340       0x80 ./Static_Code/System/CPU_Init.o
 .rodata.CPU_ClockConfigDescriptors
                0x000033c0       0x1c ./Static_Code/System/CPU_Init.o
 .rodata.CPU_DefaultFEI
                0x000033dc        0x8 ./Static_Code/System/CPU_Init.o
 .rodata.CPU_DefaultFBI
                0x000033e4        0x8 ./Static_Code/System/CPU_Init.o
 .rodata.CPU_DefaultBLPI
                0x000033ec        0x8 ./Static_Code/System/CPU_Init.o
 .rodata.CPU_DefaultFEE
                0x000033f4        0x8 ./Static_Code/System/CPU_Init.o
 .rodata.CPU_DefaultFBE
                0x000033fc        0x8 ./Static_Code/System/CPU_Init.o
 .rodata.CPU_DefaultBLPE
                0x00003404        0x8 ./Static_Code/System/CPU_Init.o
 .rodata.CPU_DefaultPBE
                0x0000340c        0x8 ./Static_Code/System/CPU_Init.o
 .rodata.CPU_DefaultPEE
                0x00003414        0x8 ./Static_Code/System/CPU_Init.o
 .rodata.CPU_ClockGenModeRegs
                0x0000341c       0x20 ./Static_Code/System/CPU_Init.o
 *(.glue_7)
 .glue_7        0x00000000        0x0 linker stubs
 *(.glue_7t)
 .glue_7t       0x00000000        0x0 linker stubs
 *(.eh_frame)
 .eh_frame      0x0000343c        0x0 c:/freescale/kds_2.0.0/toolchain/bin/../lib/gcc/arm-none-eabi/4.8.0/m4/fp/v4-sp-d16/crtbegin.o
 *(.init)
 .init          0x0000343c        0x4 c:/freescale/kds_2.0.0/toolchain/bin/../lib/gcc/arm-none-eabi/4.8.0/m4/fp/v4-sp-d16/crti.o
                0x0000343c                _init
 .init          0x00003440        0x8 c:/freescale/kds_2.0.0/toolchain/bin/../lib/gcc/arm-none-eabi/4.8.0/m4/fp/v4-sp-d16/crtn.o
 *(.fini)
 .fini          0x00003448        0x4 c:/freescale/kds_2.0.0/toolchain/bin/../lib/gcc/arm-none-eabi/4.8.0/m4/fp/v4-sp-d16/crti.o
                0x00003448                _fini
 .fini          0x0000344c        0x8 c:/freescale/kds_2.0.0/toolchain/bin/../lib/gcc/arm-none-eabi/4.8.0/m4/fp/v4-sp-d16/crtn.o
                0x00003454                . = ALIGN (0x4)
                0x00003454                _etext = .

.vfp11_veneer   0x00003454        0x0
 .vfp11_veneer  0x00000000        0x0 linker stubs

.v4_bx          0x00003454        0x0
 .v4_bx         0x00000000        0x0 linker stubs

.iplt           0x00003454        0x0
 .iplt          0x00000000        0x0 c:/freescale/kds_2.0.0/toolchain/bin/../lib/gcc/arm-none-eabi/4.8.0/m4/fp/v4-sp-d16/crtbegin.o

.rel.dyn        0x00003454        0x0
 .rel.iplt      0x00000000        0x0 c:/freescale/kds_2.0.0/toolchain/bin/../lib/gcc/arm-none-eabi/4.8.0/m4/fp/v4-sp-d16/crtbegin.o

.ARM.extab
 *(.ARM.extab* .gnu.linkonce.armextab.*)

.ARM            0x00003454        0x0
                0x00003454                __exidx_start = .
 *(.ARM.exidx*)
                0x00003454                __exidx_end = .

.ctors          0x00003454        0x0
                0x00003454                __CTOR_LIST__ = .
 *crtbegin.o(.ctors)
 *(EXCLUDE_FILE(*crtend.o) .ctors)
 *(SORT(.ctors.*))
 *(.ctors)
                0x00003454                __CTOR_END__ = .

.dtors          0x00003454        0x0
                0x00003454                __DTOR_LIST__ = .
 *crtbegin.o(.dtors)
 *(EXCLUDE_FILE(*crtend.o) .dtors)
 *(SORT(.dtors.*))
 *(.dtors)
                0x00003454                __DTOR_END__ = .

.preinit_array  0x00003454        0x0
                0x00003454                PROVIDE (__preinit_array_start, .)
 *(.preinit_array*)
                0x00003454                PROVIDE (__preinit_array_end, .)

.init_array     0x00003454        0x4
                0x00003454                PROVIDE (__init_array_start, .)
 *(SORT(.init_array.*))
 *(.init_array*)
 .init_array    0x00003454        0x4 c:/freescale/kds_2.0.0/toolchain/bin/../lib/gcc/arm-none-eabi/4.8.0/m4/fp/v4-sp-d16/crtbegin.o
                0x00003458                PROVIDE (__init_array_end, .)

.fini_array     0x00003458        0x4
                0x00003458                PROVIDE (__fini_array_start, .)
 *(SORT(.fini_array.*))
 *(.fini_array*)
 .fini_array    0x00003458        0x4 c:/freescale/kds_2.0.0/toolchain/bin/../lib/gcc/arm-none-eabi/4.8.0/m4/fp/v4-sp-d16/crtbegin.o
                0x0000345c                PROVIDE (__fini_array_end, .)
                0x0000345c                ___ROM_AT = .

.data           0x20000000       0x94 load address 0x0000345c
                0x20000000                . = ALIGN (0x4)
                0x20000000                _sdata = .
 *(.data)
 *(.data*)
 .data.message  0x20000000       0x50 ./Sources/main.o
                0x20000000                message
 .data.msg_velEncoder
                0x20000050       0x14 ./Sources/main.o
                0x20000050                msg_velEncoder
 .data.msg_error
                0x20000064        0x8 ./Sources/main.o
                0x20000064                msg_error
 .data.msg_velCalculada
                0x2000006c       0x14 ./Sources/main.o
                0x2000006c                msg_velCalculada
 .data.msg_velReferencia
                0x20000080       0x14 ./Sources/main.o
                0x20000080                msg_velReferencia
                0x20000094                . = ALIGN (0x4)
                0x20000094                _edata = .
                0x00000094                ___data_size = (_edata - _sdata)
                0x000034f0                ___m_data_1FFF0000_ROMStart = (___ROM_AT + SIZEOF (.data))

.jcr            0x20000094        0x0 load address 0x000034f0
 .jcr           0x20000094        0x0 c:/freescale/kds_2.0.0/toolchain/bin/../lib/gcc/arm-none-eabi/4.8.0/m4/fp/v4-sp-d16/crtbegin.o

.tm_clone_table
                0x20000094        0x0 load address 0x000034f0
 .tm_clone_table
                0x20000094        0x0 c:/freescale/kds_2.0.0/toolchain/bin/../lib/gcc/arm-none-eabi/4.8.0/m4/fp/v4-sp-d16/crtbegin.o
 .tm_clone_table
                0x20000094        0x0 c:/freescale/kds_2.0.0/toolchain/bin/../lib/gcc/arm-none-eabi/4.8.0/m4/fp/v4-sp-d16/crtend.o

.igot.plt       0x20000094        0x0 load address 0x000034f0
 .igot.plt      0x00000000        0x0 c:/freescale/kds_2.0.0/toolchain/bin/../lib/gcc/arm-none-eabi/4.8.0/m4/fp/v4-sp-d16/crtbegin.o

.m_data_1FFF0000
                0x1fff0000        0x0 load address 0x000034f0
                0x1fff0000                . = ALIGN (0x4)
                0x1fff0000                ___m_data_1FFF0000_RAMStart = .
 *(.m_data_1FFF0000)
                0x1fff0000                ___m_data_1FFF0000_RAMEnd = .
                0x1fff0000                . = ALIGN (0x4)
                0x00000000                ___m_data_1FFF0000_ROMSize = (___m_data_1FFF0000_RAMEnd - ___m_data_1FFF0000_RAMStart)
                0x1fff0000                . = ALIGN (0x4)

.bss            0x20000094       0xf0 load address 0x000034f0
                0x20000094                __START_BSS = .
                0x20000094                PROVIDE (__bss_start__, __START_BSS)
 *(.bss)
 *(.bss*)
 .bss.completed.6137
                0x20000094        0x1 c:/freescale/kds_2.0.0/toolchain/bin/../lib/gcc/arm-none-eabi/4.8.0/m4/fp/v4-sp-d16/crtbegin.o
 *fill*         0x20000095        0x3 
 .bss.object.6142
                0x20000098       0x18 c:/freescale/kds_2.0.0/toolchain/bin/../lib/gcc/arm-none-eabi/4.8.0/m4/fp/v4-sp-d16/crtbegin.o
 .bss.SR_lock   0x200000b0        0x1 ./Static_Code/System/CPU_Init.o
                0x200000b0                SR_lock
 *fill*         0x200000b1        0x3 
 .bss.t         0x200000b4        0x4 ./Sources/Events.o
                0x200000b4                t
 .bss.argv      0x200000b8       0x28 ./Project_Settings/Startup_Code/startup.o
 .bss.SerFlag   0x200000e0        0x2 ./Generated_Code/AS1.o
 .bss.BufferRead
                0x200000e2        0x1 ./Generated_Code/AS1.o
 .bss.OutBuffer
                0x200000e3        0x1 ./Generated_Code/AS1.o
 .bss.SerFlag   0x200000e4        0x2 ./Generated_Code/AS2.o
 .bss.BufferRead
                0x200000e6        0x1 ./Generated_Code/AS2.o
 .bss.OutBuffer
                0x200000e7        0x1 ./Generated_Code/AS2.o
 .bss.DeviceDataPrv__DEFAULT_RTOS_ALLOC
                0x200000e8       0x20 ./Generated_Code/ASerialLdd1.o
 .bss.DeviceDataPrv__DEFAULT_RTOS_ALLOC
                0x20000108       0x20 ./Generated_Code/ASerialLdd2.o
 .bss.INT_UART0_RX_TX__DEFAULT_RTOS_ISRPARAM
                0x20000128        0x4 ./Generated_Code/ASerialLdd2.o
 .bss.INT_UART0_ERR__DEFAULT_RTOS_ISRPARAM
                0x2000012c        0x4 ./Generated_Code/ASerialLdd2.o
 .bss.PE_LDD_DeviceDataList
                0x20000130       0x1c ./Generated_Code/PE_LDD.o
                0x20000130                PE_LDD_DeviceDataList
 .bss.DeviceDataPrv__DEFAULT_RTOS_ALLOC
                0x2000014c        0xc ./Generated_Code/TU1.o
 .bss.INT_FTM0__DEFAULT_RTOS_ISRPARAM
                0x20000158        0x4 ./Generated_Code/TU1.o
 .bss.DeviceDataPrv__DEFAULT_RTOS_ALLOC
                0x2000015c        0xc ./Generated_Code/TimerIntLdd1.o
 *(COMMON)
 COMMON         0x20000168        0x1 ./Static_Code/System/CPU_Init.o
                0x20000168                SR_reg
 COMMON         0x20000169        0x1 ./Sources/Events.o
                0x20000169                llamada
 *fill*         0x2000016a        0x2 
 COMMON         0x2000016c        0xd ./Sources/main.o
                0x2000016c                encoderAnt
                0x20000170                encoder
                0x20000174                distEncoder
                0x20000178                velReferencia
 *fill*         0x20000179        0x3 
 COMMON         0x2000017c        0x4 ./Generated_Code/AS1.o
                0x2000017c                ASerialLdd1_DeviceDataPtr
 COMMON         0x20000180        0x4 ./Generated_Code/AS2.o
                0x20000180                ASerialLdd2_DeviceDataPtr
                0x20000184                . = ALIGN (0x4)
                0x20000184                __END_BSS = .
                0x20000184                PROVIDE (__bss_end__, __END_BSS)
                0x000034f0                _romp_at = ((___ROM_AT + SIZEOF (.data)) + SIZEOF (.m_data_1FFF0000))

.romp           0x20000184       0x24 load address 0x000034f0
                0x000034f0                __S_romp = _romp_at
                0x20000184        0x4 LONG 0x345c ___ROM_AT
                0x20000188        0x4 LONG 0x20000000 _sdata
                0x2000018c        0x4 LONG 0x94 ___data_size
                0x20000190        0x4 LONG 0x34f0 ___m_data_1FFF0000_ROMStart
                0x20000194        0x4 LONG 0x1fff0000 ___m_data_1FFF0000_RAMStart
                0x20000198        0x4 LONG 0x0 ___m_data_1FFF0000_ROMSize
                0x2000019c        0x4 LONG 0x0
                0x200001a0        0x4 LONG 0x0
                0x200001a4        0x4 LONG 0x0

._user_heap_stack
                0x200001a8      0x400 load address 0x00003514
                0x200001a8                . = ALIGN (0x4)
                0x200001a8                PROVIDE (end, .)
                0x200001a8                PROVIDE (_end, .)
                0x200001a8                __heap_addr = .
                0x200001a8                __HeapBase = .
                0x200001a8                . = (. + __heap_size)
                0x200001a8                __HeapLimit = .
                0x200005a8                . = (. + __stack_size)
 *fill*         0x200001a8      0x400 
                0x200005a8                . = ALIGN (0x4)

.ARM.attributes
                0x00000000       0x37
 *(.ARM.attributes)
 .ARM.attributes
                0x00000000       0x27 c:/freescale/kds_2.0.0/toolchain/bin/../lib/gcc/arm-none-eabi/4.8.0/m4/fp/v4-sp-d16/crti.o
 .ARM.attributes
                0x00000027       0x39 c:/freescale/kds_2.0.0/toolchain/bin/../lib/gcc/arm-none-eabi/4.8.0/m4/fp/v4-sp-d16/crtbegin.o
 .ARM.attributes
                0x00000060       0x39 ./Static_Code/System/CPU_Init.o
 .ARM.attributes
                0x00000099       0x39 ./Static_Code/System/Vectors.o
 .ARM.attributes
                0x000000d2       0x39 ./Sources/Events.o
 .ARM.attributes
                0x0000010b       0x39 ./Sources/UART.o
 .ARM.attributes
                0x00000144       0x39 ./Sources/main.o
 .ARM.attributes
                0x0000017d       0x39 ./Project_Settings/Startup_Code/startup.o
 .ARM.attributes
                0x000001b6       0x39 ./Generated_Code/AS1.o
 .ARM.attributes
                0x000001ef       0x39 ./Generated_Code/AS2.o
 .ARM.attributes
                0x00000228       0x39 ./Generated_Code/ASerialLdd1.o
 .ARM.attributes
                0x00000261       0x39 ./Generated_Code/ASerialLdd2.o
 .ARM.attributes
                0x0000029a       0x39 ./Generated_Code/Cpu.o
 .ARM.attributes
                0x000002d3       0x39 ./Generated_Code/LED_AZUL.o
 .ARM.attributes
                0x0000030c       0x39 ./Generated_Code/LED_ROJO.o
 .ARM.attributes
                0x00000345       0x39 ./Generated_Code/LED_VERDE.o
 .ARM.attributes
                0x0000037e       0x39 ./Generated_Code/PE_LDD.o
 .ARM.attributes
                0x000003b7       0x39 ./Generated_Code/TI1.o
 .ARM.attributes
                0x000003f0       0x39 ./Generated_Code/TU1.o
 .ARM.attributes
                0x00000429       0x39 ./Generated_Code/TimerIntLdd1.o
 .ARM.attributes
                0x00000462       0x27 c:/freescale/kds_2.0.0/toolchain/bin/../lib/gcc/arm-none-eabi/4.8.0/m4/fp/v4-sp-d16\libgcc.a(_arm_addsubdf3.o)
 .ARM.attributes
                0x00000489       0x27 c:/freescale/kds_2.0.0/toolchain/bin/../lib/gcc/arm-none-eabi/4.8.0/m4/fp/v4-sp-d16\libgcc.a(_arm_muldivdf3.o)
 .ARM.attributes
                0x000004b0       0x27 c:/freescale/kds_2.0.0/toolchain/bin/../lib/gcc/arm-none-eabi/4.8.0/m4/fp/v4-sp-d16\libgcc.a(_arm_fixdfsi.o)
 .ARM.attributes
                0x000004d7       0x39 c:/freescale/kds_2.0.0/toolchain/bin/../lib/gcc/arm-none-eabi/4.8.0/m4/fp/v4-sp-d16/crtend.o
 .ARM.attributes
                0x00000510       0x27 c:/freescale/kds_2.0.0/toolchain/bin/../lib/gcc/arm-none-eabi/4.8.0/m4/fp/v4-sp-d16/crtn.o
OUTPUT(ControlMotor.elf elf32-littlearm)

.comment        0x00000000       0x2a
 .comment       0x00000000       0x2a c:/freescale/kds_2.0.0/toolchain/bin/../lib/gcc/arm-none-eabi/4.8.0/m4/fp/v4-sp-d16/crtbegin.o
                                 0x2b (size before relaxing)
 .comment       0x00000000       0x2b ./Static_Code/System/CPU_Init.o
 .comment       0x00000000       0x2b ./Static_Code/System/Vectors.o
 .comment       0x00000000       0x2b ./Sources/Events.o
 .comment       0x00000000       0x2b ./Sources/UART.o
 .comment       0x00000000       0x2b ./Sources/main.o
 .comment       0x00000000       0x2b ./Project_Settings/Startup_Code/startup.o
 .comment       0x00000000       0x2b ./Generated_Code/AS1.o
 .comment       0x00000000       0x2b ./Generated_Code/AS2.o
 .comment       0x00000000       0x2b ./Generated_Code/ASerialLdd1.o
 .comment       0x00000000       0x2b ./Generated_Code/ASerialLdd2.o
 .comment       0x00000000       0x2b ./Generated_Code/Cpu.o
 .comment       0x00000000       0x2b ./Generated_Code/LED_AZUL.o
 .comment       0x00000000       0x2b ./Generated_Code/LED_ROJO.o
 .comment       0x00000000       0x2b ./Generated_Code/LED_VERDE.o
 .comment       0x00000000       0x2b ./Generated_Code/PE_LDD.o
 .comment       0x00000000       0x2b ./Generated_Code/TI1.o
 .comment       0x00000000       0x2b ./Generated_Code/TU1.o
 .comment       0x00000000       0x2b ./Generated_Code/TimerIntLdd1.o
 .comment       0x00000000       0x2b c:/freescale/kds_2.0.0/toolchain/bin/../lib/gcc/arm-none-eabi/4.8.0/m4/fp/v4-sp-d16/crtend.o

.debug_info     0x00000000     0x4dc2
 .debug_info    0x00000000      0xa5a ./Static_Code/System/CPU_Init.o
 .debug_info    0x00000a5a      0x816 ./Static_Code/System/Vectors.o
 .debug_info    0x00001270      0x105 ./Sources/Events.o
 .debug_info    0x00001375       0xa5 ./Sources/UART.o
 .debug_info    0x0000141a      0x336 ./Sources/main.o
 .debug_info    0x00001750      0x498 ./Project_Settings/Startup_Code/startup.o
 .debug_info    0x00001be8      0x216 ./Generated_Code/AS1.o
 .debug_info    0x00001dfe      0x2ee ./Generated_Code/AS2.o
 .debug_info    0x000020ec      0x87c ./Generated_Code/ASerialLdd1.o
 .debug_info    0x00002968      0x9bb ./Generated_Code/ASerialLdd2.o
 .debug_info    0x00003323       0xa7 ./Generated_Code/Cpu.o
 .debug_info    0x000033ca      0x521 ./Generated_Code/LED_AZUL.o
 .debug_info    0x000038eb      0x521 ./Generated_Code/LED_ROJO.o
 .debug_info    0x00003e0c      0x521 ./Generated_Code/LED_VERDE.o
 .debug_info    0x0000432d      0x23b ./Generated_Code/PE_LDD.o
 .debug_info    0x00004568       0xb2 ./Generated_Code/TI1.o
 .debug_info    0x0000461a      0x631 ./Generated_Code/TU1.o
 .debug_info    0x00004c4b      0x177 ./Generated_Code/TimerIntLdd1.o

.debug_abbrev   0x00000000     0x1502
 .debug_abbrev  0x00000000      0x1bd ./Static_Code/System/CPU_Init.o
 .debug_abbrev  0x000001bd       0xd6 ./Static_Code/System/Vectors.o
 .debug_abbrev  0x00000293       0x74 ./Sources/Events.o
 .debug_abbrev  0x00000307       0x54 ./Sources/UART.o
 .debug_abbrev  0x0000035b      0x10d ./Sources/main.o
 .debug_abbrev  0x00000468      0x1a1 ./Project_Settings/Startup_Code/startup.o
 .debug_abbrev  0x00000609      0x131 ./Generated_Code/AS1.o
 .debug_abbrev  0x0000073a      0x197 ./Generated_Code/AS2.o
 .debug_abbrev  0x000008d1      0x1c3 ./Generated_Code/ASerialLdd1.o
 .debug_abbrev  0x00000a94      0x1db ./Generated_Code/ASerialLdd2.o
 .debug_abbrev  0x00000c6f       0x45 ./Generated_Code/Cpu.o
 .debug_abbrev  0x00000cb4      0x186 ./Generated_Code/LED_AZUL.o
 .debug_abbrev  0x00000e3a      0x186 ./Generated_Code/LED_ROJO.o
 .debug_abbrev  0x00000fc0      0x186 ./Generated_Code/LED_VERDE.o
 .debug_abbrev  0x00001146      0x10d ./Generated_Code/PE_LDD.o
 .debug_abbrev  0x00001253       0x68 ./Generated_Code/TI1.o
 .debug_abbrev  0x000012bb      0x16a ./Generated_Code/TU1.o
 .debug_abbrev  0x00001425       0xdd ./Generated_Code/TimerIntLdd1.o

.debug_aranges  0x00000000      0x770
 .debug_aranges
                0x00000000       0x40 ./Static_Code/System/CPU_Init.o
 .debug_aranges
                0x00000040      0x340 ./Static_Code/System/Vectors.o
 .debug_aranges
                0x00000380       0x40 ./Sources/Events.o
 .debug_aranges
                0x000003c0       0x20 ./Sources/UART.o
 .debug_aranges
                0x000003e0       0x28 ./Sources/main.o
 .debug_aranges
                0x00000408       0x60 ./Project_Settings/Startup_Code/startup.o
 .debug_aranges
                0x00000468       0x50 ./Generated_Code/AS1.o
 .debug_aranges
                0x000004b8       0x68 ./Generated_Code/AS2.o
 .debug_aranges
                0x00000520       0x60 ./Generated_Code/ASerialLdd1.o
 .debug_aranges
                0x00000580       0x50 ./Generated_Code/ASerialLdd2.o
 .debug_aranges
                0x000005d0       0x28 ./Generated_Code/Cpu.o
 .debug_aranges
                0x000005f8       0x48 ./Generated_Code/LED_AZUL.o
 .debug_aranges
                0x00000640       0x48 ./Generated_Code/LED_ROJO.o
 .debug_aranges
                0x00000688       0x48 ./Generated_Code/LED_VERDE.o
 .debug_aranges
                0x000006d0       0x30 ./Generated_Code/PE_LDD.o
 .debug_aranges
                0x00000700       0x20 ./Generated_Code/TI1.o
 .debug_aranges
                0x00000720       0x28 ./Generated_Code/TU1.o
 .debug_aranges
                0x00000748       0x28 ./Generated_Code/TimerIntLdd1.o

.debug_ranges   0x00000000      0x650
 .debug_ranges  0x00000000       0x30 ./Static_Code/System/CPU_Init.o
 .debug_ranges  0x00000030      0x330 ./Static_Code/System/Vectors.o
 .debug_ranges  0x00000360       0x30 ./Sources/Events.o
 .debug_ranges  0x00000390       0x10 ./Sources/UART.o
 .debug_ranges  0x000003a0       0x18 ./Sources/main.o
 .debug_ranges  0x000003b8       0x50 ./Project_Settings/Startup_Code/startup.o
 .debug_ranges  0x00000408       0x40 ./Generated_Code/AS1.o
 .debug_ranges  0x00000448       0x58 ./Generated_Code/AS2.o
 .debug_ranges  0x000004a0       0x50 ./Generated_Code/ASerialLdd1.o
 .debug_ranges  0x000004f0       0x40 ./Generated_Code/ASerialLdd2.o
 .debug_ranges  0x00000530       0x18 ./Generated_Code/Cpu.o
 .debug_ranges  0x00000548       0x38 ./Generated_Code/LED_AZUL.o
 .debug_ranges  0x00000580       0x38 ./Generated_Code/LED_ROJO.o
 .debug_ranges  0x000005b8       0x38 ./Generated_Code/LED_VERDE.o
 .debug_ranges  0x000005f0       0x20 ./Generated_Code/PE_LDD.o
 .debug_ranges  0x00000610       0x10 ./Generated_Code/TI1.o
 .debug_ranges  0x00000620       0x18 ./Generated_Code/TU1.o
 .debug_ranges  0x00000638       0x18 ./Generated_Code/TimerIntLdd1.o

.debug_macro    0x00000000    0x2f2b4
 .debug_macro   0x00000000      0x1dc ./Static_Code/System/CPU_Init.o
 .debug_macro   0x000001dc      0x850 ./Static_Code/System/CPU_Init.o
 .debug_macro   0x00000a2c      0x214 ./Static_Code/System/CPU_Init.o
 .debug_macro   0x00000c40     0x179f ./Static_Code/System/CPU_Init.o
 .debug_macro   0x000023df    0x10f7a ./Static_Code/System/CPU_Init.o
 .debug_macro   0x00013359      0x472 ./Static_Code/System/CPU_Init.o
 .debug_macro   0x000137cb      0x14e ./Static_Code/System/CPU_Init.o
 .debug_macro   0x00013919       0x6a ./Static_Code/System/CPU_Init.o
 .debug_macro   0x00013983       0x2e ./Static_Code/System/CPU_Init.o
 .debug_macro   0x000139b1       0x2e ./Static_Code/System/CPU_Init.o
 .debug_macro   0x000139df       0x95 ./Static_Code/System/CPU_Init.o
 .debug_macro   0x00013a74       0x16 ./Static_Code/System/CPU_Init.o
 .debug_macro   0x00013a8a       0x65 ./Static_Code/System/CPU_Init.o
 .debug_macro   0x00013aef       0x11 ./Static_Code/System/CPU_Init.o
 .debug_macro   0x00013b00       0x65 ./Static_Code/System/CPU_Init.o
 .debug_macro   0x00013b65       0x11 ./Static_Code/System/CPU_Init.o
 .debug_macro   0x00013b76       0x94 ./Static_Code/System/CPU_Init.o
 .debug_macro   0x00013c0a      0x6a0 ./Static_Code/System/CPU_Init.o
 .debug_macro   0x000142aa       0x49 ./Static_Code/System/CPU_Init.o
 .debug_macro   0x000142f3       0x1c ./Static_Code/System/CPU_Init.o
 .debug_macro   0x0001430f      0x131 ./Static_Code/System/CPU_Init.o
 .debug_macro   0x00014440       0x40 ./Static_Code/System/CPU_Init.o
 .debug_macro   0x00014480       0x46 ./Static_Code/System/CPU_Init.o
 .debug_macro   0x000144c6       0x46 ./Static_Code/System/CPU_Init.o
 .debug_macro   0x0001450c      0x29c ./Static_Code/System/CPU_Init.o
 .debug_macro   0x000147a8      0x1ca ./Static_Code/System/Vectors.o
 .debug_macro   0x00014972      0x2e9 ./Sources/Events.o
 .debug_macro   0x00014c5b       0x5f ./Sources/Events.o
 .debug_macro   0x00014cba      0x61c ./Sources/Events.o
 .debug_macro   0x000152d6      0x626 ./Sources/Events.o
 .debug_macro   0x000158fc      0x327 ./Sources/Events.o
 .debug_macro   0x00015c23      0x1e8 ./Sources/Events.o
 .debug_macro   0x00015e0b      0x109 ./Sources/Events.o
 .debug_macro   0x00015f14      0x17e ./Sources/Events.o
 .debug_macro   0x00016092      0x200 ./Sources/Events.o
 .debug_macro   0x00016292      0x91e ./Sources/Events.o
 .debug_macro   0x00016bb0      0x588 ./Sources/Events.o
 .debug_macro   0x00017138       0x9e ./Sources/Events.o
 .debug_macro   0x000171d6      0x1f7 ./Sources/Events.o
 .debug_macro   0x000173cd      0x50f ./Sources/Events.o
 .debug_macro   0x000178dc      0x297 ./Sources/Events.o
 .debug_macro   0x00017b73      0x318 ./Sources/Events.o
 .debug_macro   0x00017e8b      0x25a ./Sources/Events.o
 .debug_macro   0x000180e5      0x13d ./Sources/Events.o
 .debug_macro   0x00018222      0x30b ./Sources/Events.o
 .debug_macro   0x0001852d       0xba ./Sources/Events.o
 .debug_macro   0x000185e7       0xe9 ./Sources/Events.o
 .debug_macro   0x000186d0      0x4e9 ./Sources/Events.o
 .debug_macro   0x00018bb9      0x191 ./Sources/Events.o
 .debug_macro   0x00018d4a       0xea ./Sources/Events.o
 .debug_macro   0x00018e34      0x348 ./Sources/Events.o
 .debug_macro   0x0001917c      0x7d6 ./Sources/Events.o
 .debug_macro   0x00019952      0x179 ./Sources/Events.o
 .debug_macro   0x00019acb      0x645 ./Sources/Events.o
 .debug_macro   0x0001a110      0x8d8 ./Sources/Events.o
 .debug_macro   0x0001a9e8      0x11c ./Sources/Events.o
 .debug_macro   0x0001ab04      0x648 ./Sources/Events.o
 .debug_macro   0x0001b14c       0x81 ./Sources/Events.o
 .debug_macro   0x0001b1cd      0x7bf ./Sources/Events.o
 .debug_macro   0x0001b98c      0x10f ./Sources/Events.o
 .debug_macro   0x0001ba9b      0x614 ./Sources/Events.o
 .debug_macro   0x0001c0af      0x181 ./Sources/Events.o
 .debug_macro   0x0001c230       0xe7 ./Sources/UART.o
 .debug_macro   0x0001c317       0x5f ./Sources/UART.o
 .debug_macro   0x0001c376      0x2e9 ./Sources/main.o
 .debug_macro   0x0001c65f      0x119 ./Project_Settings/Startup_Code/startup.o
 .debug_macro   0x0001c778       0x3a ./Project_Settings/Startup_Code/startup.o
 .debug_macro   0x0001c7b2       0x52 ./Project_Settings/Startup_Code/startup.o
 .debug_macro   0x0001c804       0x19 ./Project_Settings/Startup_Code/startup.o
 .debug_macro   0x0001c81d      0x16d ./Project_Settings/Startup_Code/startup.o
 .debug_macro   0x0001c98a       0x89 ./Project_Settings/Startup_Code/startup.o
 .debug_macro   0x0001ca13       0x10 ./Project_Settings/Startup_Code/startup.o
 .debug_macro   0x0001ca23       0x89 ./Project_Settings/Startup_Code/startup.o
 .debug_macro   0x0001caac       0x1c ./Project_Settings/Startup_Code/startup.o
 .debug_macro   0x0001cac8       0x10 ./Project_Settings/Startup_Code/startup.o
 .debug_macro   0x0001cad8    0x10f6e ./Project_Settings/Startup_Code/startup.o
 .debug_macro   0x0002da46      0x119 ./Generated_Code/AS1.o
 .debug_macro   0x0002db5f      0x228 ./Generated_Code/AS2.o
 .debug_macro   0x0002dd87       0xff ./Generated_Code/ASerialLdd1.o
 .debug_macro   0x0002de86       0x17 ./Generated_Code/ASerialLdd1.o
 .debug_macro   0x0002de9d      0x7b9 ./Generated_Code/ASerialLdd1.o
 .debug_macro   0x0002e656       0xff ./Generated_Code/ASerialLdd2.o
 .debug_macro   0x0002e755       0x17 ./Generated_Code/ASerialLdd2.o
 .debug_macro   0x0002e76c      0x1bd ./Generated_Code/Cpu.o
 .debug_macro   0x0002e929       0xe6 ./Generated_Code/LED_AZUL.o
 .debug_macro   0x0002ea0f      0x12b ./Generated_Code/LED_AZUL.o
 .debug_macro   0x0002eb3a       0x40 ./Generated_Code/LED_AZUL.o
 .debug_macro   0x0002eb7a       0xe6 ./Generated_Code/LED_ROJO.o
 .debug_macro   0x0002ec60       0xe6 ./Generated_Code/LED_VERDE.o
 .debug_macro   0x0002ed46       0x40 ./Generated_Code/LED_VERDE.o
 .debug_macro   0x0002ed86      0x185 ./Generated_Code/PE_LDD.o
 .debug_macro   0x0002ef0b      0x1a9 ./Generated_Code/TI1.o
 .debug_macro   0x0002f0b4       0xfb ./Generated_Code/TU1.o
 .debug_macro   0x0002f1af      0x105 ./Generated_Code/TimerIntLdd1.o

.debug_line     0x00000000     0x568b
 .debug_line    0x00000000      0x592 ./Static_Code/System/CPU_Init.o
 .debug_line    0x00000592      0xb38 ./Static_Code/System/Vectors.o
 .debug_line    0x000010ca      0x618 ./Sources/Events.o
 .debug_line    0x000016e2      0x325 ./Sources/UART.o
 .debug_line    0x00001a07      0x73d ./Sources/main.o
 .debug_line    0x00002144      0x3d3 ./Project_Settings/Startup_Code/startup.o
 .debug_line    0x00002517      0x379 ./Generated_Code/AS1.o
 .debug_line    0x00002890      0x5e2 ./Generated_Code/AS2.o
 .debug_line    0x00002e72      0x45d ./Generated_Code/ASerialLdd1.o
 .debug_line    0x000032cf      0x47c ./Generated_Code/ASerialLdd2.o
 .debug_line    0x0000374b      0x48e ./Generated_Code/Cpu.o
 .debug_line    0x00003bd9      0x3b6 ./Generated_Code/LED_AZUL.o
 .debug_line    0x00003f8f      0x3b6 ./Generated_Code/LED_ROJO.o
 .debug_line    0x00004345      0x3b8 ./Generated_Code/LED_VERDE.o
 .debug_line    0x000046fd      0x442 ./Generated_Code/PE_LDD.o
 .debug_line    0x00004b3f      0x433 ./Generated_Code/TI1.o
 .debug_line    0x00004f72      0x394 ./Generated_Code/TU1.o
 .debug_line    0x00005306      0x385 ./Generated_Code/TimerIntLdd1.o

.debug_str      0x00000000    0xe2c4f
 .debug_str     0x00000000    0x74940 ./Static_Code/System/CPU_Init.o
                              0x74aaa (size before relaxing)
 .debug_str     0x00074940      0x9c3 ./Static_Code/System/Vectors.o
                              0x74efe (size before relaxing)
 .debug_str     0x00075303    0x6b10b ./Sources/Events.o
                              0xde5eb (size before relaxing)
 .debug_str     0x000e040e       0x3b ./Sources/UART.o
                              0x6931e (size before relaxing)
 .debug_str     0x000e0449      0x108 ./Sources/main.o
                              0xde6e1 (size before relaxing)
 .debug_str     0x000e0551     0x1966 ./Project_Settings/Startup_Code/startup.o
                              0x62315 (size before relaxing)
 .debug_str     0x000e1eb7      0x1b8 ./Generated_Code/AS1.o
                              0x694cc (size before relaxing)
 .debug_str     0x000e206f      0x145 ./Generated_Code/AS2.o
                              0x737ce (size before relaxing)
 .debug_str     0x000e21b4      0x2ab ./Generated_Code/ASerialLdd1.o
                              0x77784 (size before relaxing)
 .debug_str     0x000e245f      0x1bf ./Generated_Code/ASerialLdd2.o
                              0x77850 (size before relaxing)
 .debug_str     0x000e261e       0x28 ./Generated_Code/Cpu.o
                              0x7354f (size before relaxing)
 .debug_str     0x000e2646       0xea ./Generated_Code/LED_AZUL.o
                              0x6a200 (size before relaxing)
 .debug_str     0x000e2730       0xa8 ./Generated_Code/LED_ROJO.o
                              0x6a200 (size before relaxing)
 .debug_str     0x000e27d8       0xb1 ./Generated_Code/LED_VERDE.o
                              0x6a214 (size before relaxing)
 .debug_str     0x000e2889      0x15f ./Generated_Code/PE_LDD.o
                              0x736d3 (size before relaxing)
 .debug_str     0x000e29e8       0x31 ./Generated_Code/TI1.o
                              0x7355d (size before relaxing)
 .debug_str     0x000e2a19      0x178 ./Generated_Code/TU1.o
                              0x72828 (size before relaxing)
 .debug_str     0x000e2b91       0xbe ./Generated_Code/TimerIntLdd1.o
                              0x7263c (size before relaxing)

.debug_frame    0x00000000     0x1720
 .debug_frame   0x00000000       0x9c ./Static_Code/System/CPU_Init.o
 .debug_frame   0x0000009c      0xcb0 ./Static_Code/System/Vectors.o
 .debug_frame   0x00000d4c       0x88 ./Sources/Events.o
 .debug_frame   0x00000dd4       0x30 ./Sources/UART.o
 .debug_frame   0x00000e04       0x54 ./Sources/main.o
 .debug_frame   0x00000e58      0x108 ./Project_Settings/Startup_Code/startup.o
 .debug_frame   0x00000f60       0xdc ./Generated_Code/AS1.o
 .debug_frame   0x0000103c      0x130 ./Generated_Code/AS2.o
 .debug_frame   0x0000116c      0x11c ./Generated_Code/ASerialLdd1.o
 .debug_frame   0x00001288       0xec ./Generated_Code/ASerialLdd2.o
 .debug_frame   0x00001374       0x50 ./Generated_Code/Cpu.o
 .debug_frame   0x000013c4       0xb8 ./Generated_Code/LED_AZUL.o
 .debug_frame   0x0000147c       0xb8 ./Generated_Code/LED_ROJO.o
 .debug_frame   0x00001534       0xb8 ./Generated_Code/LED_VERDE.o
 .debug_frame   0x000015ec       0x64 ./Generated_Code/PE_LDD.o
 .debug_frame   0x00001650       0x30 ./Generated_Code/TI1.o
 .debug_frame   0x00001680       0x50 ./Generated_Code/TU1.o
 .debug_frame   0x000016d0       0x50 ./Generated_Code/TimerIntLdd1.o
