Archive member included because of file (symbol)

c:/freescale/kds_2.0.0/toolchain/bin/../lib/gcc/arm-none-eabi/4.8.0/../../../../arm-none-eabi/lib/m4/fp/v4-sp-d16\libg_s.a(lib_a-atexit.o)
                              c:/freescale/kds_2.0.0/toolchain/bin/../lib/gcc/arm-none-eabi/4.8.0/../../../../arm-none-eabi/lib/m4/fp/v4-sp-d16/crt0.o (atexit)
c:/freescale/kds_2.0.0/toolchain/bin/../lib/gcc/arm-none-eabi/4.8.0/../../../../arm-none-eabi/lib/m4/fp/v4-sp-d16\libg_s.a(lib_a-exit.o)
                              c:/freescale/kds_2.0.0/toolchain/bin/../lib/gcc/arm-none-eabi/4.8.0/../../../../arm-none-eabi/lib/m4/fp/v4-sp-d16/crt0.o (exit)
c:/freescale/kds_2.0.0/toolchain/bin/../lib/gcc/arm-none-eabi/4.8.0/../../../../arm-none-eabi/lib/m4/fp/v4-sp-d16\libg_s.a(lib_a-fini.o)
                              c:/freescale/kds_2.0.0/toolchain/bin/../lib/gcc/arm-none-eabi/4.8.0/../../../../arm-none-eabi/lib/m4/fp/v4-sp-d16\libg_s.a(lib_a-exit.o) (__libc_fini_array)
c:/freescale/kds_2.0.0/toolchain/bin/../lib/gcc/arm-none-eabi/4.8.0/../../../../arm-none-eabi/lib/m4/fp/v4-sp-d16\libg_s.a(lib_a-impure.o)
                              c:/freescale/kds_2.0.0/toolchain/bin/../lib/gcc/arm-none-eabi/4.8.0/../../../../arm-none-eabi/lib/m4/fp/v4-sp-d16\libg_s.a(lib_a-exit.o) (_global_impure_ptr)
c:/freescale/kds_2.0.0/toolchain/bin/../lib/gcc/arm-none-eabi/4.8.0/../../../../arm-none-eabi/lib/m4/fp/v4-sp-d16\libg_s.a(lib_a-memcpy.o)
                              ./Sources/main.o (memcpy)
c:/freescale/kds_2.0.0/toolchain/bin/../lib/gcc/arm-none-eabi/4.8.0/../../../../arm-none-eabi/lib/m4/fp/v4-sp-d16\libg_s.a(lib_a-memset.o)
                              c:/freescale/kds_2.0.0/toolchain/bin/../lib/gcc/arm-none-eabi/4.8.0/../../../../arm-none-eabi/lib/m4/fp/v4-sp-d16/crt0.o (memset)
c:/freescale/kds_2.0.0/toolchain/bin/../lib/gcc/arm-none-eabi/4.8.0/../../../../arm-none-eabi/lib/m4/fp/v4-sp-d16\libg_s.a(lib_a-syscalls.o)
                              c:/freescale/kds_2.0.0/toolchain/bin/../lib/gcc/arm-none-eabi/4.8.0/../../../../arm-none-eabi/lib/m4/fp/v4-sp-d16\libg_s.a(lib_a-exit.o) (_exit)
c:/freescale/kds_2.0.0/toolchain/bin/../lib/gcc/arm-none-eabi/4.8.0/../../../../arm-none-eabi/lib/m4/fp/v4-sp-d16\libg_s.a(lib_a-__atexit.o)
                              c:/freescale/kds_2.0.0/toolchain/bin/../lib/gcc/arm-none-eabi/4.8.0/../../../../arm-none-eabi/lib/m4/fp/v4-sp-d16\libg_s.a(lib_a-atexit.o) (__do_register_exitproc)
c:/freescale/kds_2.0.0/toolchain/bin/../lib/gcc/arm-none-eabi/4.8.0/../../../../arm-none-eabi/lib/m4/fp/v4-sp-d16\libg_s.a(lib_a-__call_atexit.o)
                              c:/freescale/kds_2.0.0/toolchain/bin/../lib/gcc/arm-none-eabi/4.8.0/../../../../arm-none-eabi/lib/m4/fp/v4-sp-d16\libg_s.a(lib_a-__atexit.o) (__call_exitprocs)
c:/freescale/kds_2.0.0/toolchain/bin/../lib/gcc/arm-none-eabi/4.8.0/../../../../arm-none-eabi/lib/m4/fp/v4-sp-d16\libg_s.a(lib_a-errno.o)
                              c:/freescale/kds_2.0.0/toolchain/bin/../lib/gcc/arm-none-eabi/4.8.0/../../../../arm-none-eabi/lib/m4/fp/v4-sp-d16\libg_s.a(lib_a-syscalls.o) (__errno)
c:/freescale/kds_2.0.0/toolchain/bin/../lib/gcc/arm-none-eabi/4.8.0/../../../../arm-none-eabi/lib/m4/fp/v4-sp-d16\libg_s.a(lib_a-malloc.o)
                              c:/freescale/kds_2.0.0/toolchain/bin/../lib/gcc/arm-none-eabi/4.8.0/../../../../arm-none-eabi/lib/m4/fp/v4-sp-d16\libg_s.a(lib_a-__atexit.o) (malloc)
c:/freescale/kds_2.0.0/toolchain/bin/../lib/gcc/arm-none-eabi/4.8.0/../../../../arm-none-eabi/lib/m4/fp/v4-sp-d16\libg_s.a(lib_a-mallocr.o)
                              c:/freescale/kds_2.0.0/toolchain/bin/../lib/gcc/arm-none-eabi/4.8.0/../../../../arm-none-eabi/lib/m4/fp/v4-sp-d16\libg_s.a(lib_a-malloc.o) (_malloc_r)
c:/freescale/kds_2.0.0/toolchain/bin/../lib/gcc/arm-none-eabi/4.8.0/../../../../arm-none-eabi/lib/m4/fp/v4-sp-d16\libg_s.a(lib_a-sbrkr.o)
                              c:/freescale/kds_2.0.0/toolchain/bin/../lib/gcc/arm-none-eabi/4.8.0/../../../../arm-none-eabi/lib/m4/fp/v4-sp-d16\libg_s.a(lib_a-mallocr.o) (_sbrk_r)
c:/freescale/kds_2.0.0/toolchain/bin/../lib/gcc/arm-none-eabi/4.8.0/../../../../arm-none-eabi/lib/m4/fp/v4-sp-d16\libg_s.a(lib_a-strlen.o)
                              c:/freescale/kds_2.0.0/toolchain/bin/../lib/gcc/arm-none-eabi/4.8.0/../../../../arm-none-eabi/lib/m4/fp/v4-sp-d16\libg_s.a(lib_a-syscalls.o) (strlen)
c:/freescale/kds_2.0.0/toolchain/bin/../lib/gcc/arm-none-eabi/4.8.0/../../../../arm-none-eabi/lib/m4/fp/v4-sp-d16\libg_s.a(lib_a-freer.o)
                              c:/freescale/kds_2.0.0/toolchain/bin/../lib/gcc/arm-none-eabi/4.8.0/../../../../arm-none-eabi/lib/m4/fp/v4-sp-d16\libg_s.a(lib_a-malloc.o) (_free_r)
c:/freescale/kds_2.0.0/toolchain/bin/../lib/gcc/arm-none-eabi/4.8.0/../../../../arm-none-eabi/lib/m4/fp/v4-sp-d16\libg_s.a(lib_a-reent.o)
[...]
Memory Configuration

Name             Origin             Length             Attributes
m_interrupts     0x00000000         0x00000198         xr
m_text           0x00000410         0x000ffbf0         xr
m_data_1FFF0000  0x1fff0000         0x00010000         rw
m_data           0x20000000         0x00030000         rw
m_cfmprotrom     0x00000400         0x00000010         xr
*default*        0x00000000         0xffffffff

Linker script and memory map

LOAD c:/freescale/kds_2.0.0/toolchain/bin/../lib/gcc/arm-none-eabi/4.8.0/m4/fp/v4-sp-d16/crti.o
LOAD c:/freescale/kds_2.0.0/toolchain/bin/../lib/gcc/arm-none-eabi/4.8.0/m4/fp/v4-sp-d16/crtbegin.o
LOAD c:/freescale/kds_2.0.0/toolchain/bin/../lib/gcc/arm-none-eabi/4.8.0/../../../../arm-none-eabi/lib/m4/fp/v4-sp-d16/crt0.o
LOAD ./Static_Code/System/CPU_Init.o
LOAD ./Static_Code/System/Peripherals_Init.o
LOAD ./Static_Code/System/Vectors.o
LOAD ./Sources/Events.o
LOAD ./Sources/UART.o
LOAD ./Sources/main.o
LOAD ./Project_Settings/Startup_Code/startup.o
LOAD ./Generated_Code/AS1.o
LOAD ./Generated_Code/AS2.o
LOAD ./Generated_Code/ASerialLdd1.o
LOAD ./Generated_Code/ASerialLdd2.o
LOAD ./Generated_Code/Cpu.o
LOAD ./Generated_Code/LED_AZUL.o
LOAD ./Generated_Code/LED_ROJO.o
LOAD ./Generated_Code/LED_VERDE.o
LOAD ./Generated_Code/PE_LDD.o
LOAD ./Generated_Code/Pins1.o
LOAD ./Generated_Code/TI1.o
LOAD ./Generated_Code/TU1.o
LOAD ./Generated_Code/TimerIntLdd1.o
LOAD c:/freescale/kds_2.0.0/toolchain/bin/../lib/gcc/arm-none-eabi/4.8.0/../../../../arm-none-eabi/lib/m4/fp/v4-sp-d16\libstdc++.a
LOAD c:/freescale/kds_2.0.0/toolchain/bin/../lib/gcc/arm-none-eabi/4.8.0/../../../../arm-none-eabi/lib/m4/fp/v4-sp-d16\libm.a
START GROUP
LOAD c:/freescale/kds_2.0.0/toolchain/bin/../lib/gcc/arm-none-eabi/4.8.0/m4/fp/v4-sp-d16\libgcc.a
LOAD c:/freescale/kds_2.0.0/toolchain/bin/../lib/gcc/arm-none-eabi/4.8.0/../../../../arm-none-eabi/lib/m4/fp/v4-sp-d16\libg_s.a
LOAD c:/freescale/kds_2.0.0/toolchain/bin/../lib/gcc/arm-none-eabi/4.8.0/../../../../arm-none-eabi/lib/m4/fp/v4-sp-d16\libc_s.a
END GROUP
LOAD c:/freescale/kds_2.0.0/toolchain/bin/../lib/gcc/arm-none-eabi/4.8.0/m4/fp/v4-sp-d16/crtend.o
LOAD c:/freescale/kds_2.0.0/toolchain/bin/../lib/gcc/arm-none-eabi/4.8.0/m4/fp/v4-sp-d16/crtn.o
                0x20030000                _estack = 0x20030000
                0x20030000                __SP_INIT = _estack
                0x00000000                __heap_size = 0x0
                0x00000400                __stack_size = 0x400

.interrupts     0x00000000      0x198
                0x00000000                __vector_table = .
                0x00000000                . = ALIGN (0x4)
 *(.vectortable)
 .vectortable   0x00000000      0x198 ./Static_Code/System/Vectors.o
                0x00000000                __vect_table
                0x00000198                . = ALIGN (0x4)

.cfmprotect     0x00000400       0x10
                0x00000400                . = ALIGN (0x4)
 *(.cfmconfig)
 .cfmconfig     0x00000400       0x10 ./Static_Code/System/CPU_Init.o
                0x00000400                _cfm
                0x00000410                . = ALIGN (0x4)

.text           0x00000410     0x2c24
                0x00000410                . = ALIGN (0x4)
 *(.text)
 *(.text*)
 .text.deregister_tm_clones
                0x00000410       0x20 c:/freescale/kds_2.0.0/toolchain/bin/../lib/gcc/arm-none-eabi/4.8.0/m4/fp/v4-sp-d16/crtbegin.o
 .text.register_tm_clones
                0x00000430       0x28 c:/freescale/kds_2.0.0/toolchain/bin/../lib/gcc/arm-none-eabi/4.8.0/m4/fp/v4-sp-d16/crtbegin.o
 .text.__do_global_dtors_aux
                0x00000458       0x2c c:/freescale/kds_2.0.0/toolchain/bin/../lib/gcc/arm-none-eabi/4.8.0/m4/fp/v4-sp-d16/crtbegin.o
 .text.frame_dummy
                0x00000484       0x38 c:/freescale/kds_2.0.0/toolchain/bin/../lib/gcc/arm-none-eabi/4.8.0/m4/fp/v4-sp-d16/crtbegin.o
 .text.CPU_SetBASEPRI
                0x000004bc       0x18 ./Static_Code/System/CPU_Init.o
                0x000004bc                CPU_SetBASEPRI
 .text.__init_hardware
                0x000004d4       0xb4 ./Static_Code/System/CPU_Init.o
                0x000004d4                __init_hardware
 .text.PE_low_level_init
                0x00000588       0x60 ./Static_Code/System/CPU_Init.o
                0x00000588                PE_low_level_init
 .text.CPU_GetClockGenMode
                0x000005e8       0xb0 ./Static_Code/System/CPU_Init.o
                0x000005e8                CPU_GetClockGenMode
 .text.CPU_SetClockConfigGenMode
                0x00000698      0x7b4 ./Static_Code/System/CPU_Init.o
                0x00000698                CPU_SetClockConfigGenMode
 .text.UnhandledInterrupt
                0x00000e4c       0x18 ./Static_Code/System/Vectors.o
                0x00000e4c                UnhandledInterrupt
 .text.Cpu_OnNMI
                0x00000e64        0xc ./Sources/Events.o
                0x00000e64                Cpu_OnNMI
 .text.TI1_OnInterrupt
                0x00000e70       0x30 ./Sources/Events.o
                0x00000e70                TI1_OnInterrupt
 .text.AS2_OnFullRxBuf
                0x00000ea0       0x20 ./Sources/Events.o
                0x00000ea0                AS2_OnFullRxBuf
 .text.AS2_OnError
                0x00000ec0        0xc ./Sources/Events.o
                0x00000ec0                AS2_OnError
 .text.AS2_OnRxChar
                0x00000ecc        0xc ./Sources/Events.o
                0x00000ecc                AS2_OnRxChar
 .text.AS2_OnTxChar
                0x00000ed8        0xc ./Sources/Events.o
                0x00000ed8                AS2_OnTxChar
 .text.UART_Write_Numero_Int
                0x00000ee4      0x114 ./Sources/UART.o
                0x00000ee4                UART_Write_Numero_Int
 .text.obtenerEncoder
                0x00000ff8       0xcc ./Sources/main.o
 .text.configuracionMotor
                0x000010c4       0xcc ./Sources/main.o
 .text.imprimirVariables
                0x00001190      0x210 ./Sources/main.o
 .text.comprobarDatos
                0x000013a0       0x74 ./Sources/main.o
 .text.calcularDatosEncoder
                0x00001414      0x124 ./Sources/main.o
 .text.main     0x00001538       0xb8 ./Sources/main.o
                0x00001538                main
 .text.__flush_cache
                0x000015f0       0x14 ./Project_Settings/Startup_Code/startup.o
                0x000015f0                __flush_cache
 .text.__copy_rom_section
                0x00001604       0xe4 ./Project_Settings/Startup_Code/startup.o
                0x00001604                __copy_rom_section
 .text.__copy_rom_sections_to_ram
                0x000016e8       0xf8 ./Project_Settings/Startup_Code/startup.o
                0x000016e8                __copy_rom_sections_to_ram
 .text.zero_fill_bss
                0x000017e0       0xbc ./Project_Settings/Startup_Code/startup.o
 .text.__init_registers
                0x0000189c       0x20 ./Project_Settings/Startup_Code/startup.o
                0x0000189c                __init_registers
 .text.__init_user
                0x000018bc        0xc ./Project_Settings/Startup_Code/startup.o
                0x000018bc                __init_user
 .text.__thumb_startup
                0x000018c8       0x50 ./Project_Settings/Startup_Code/startup.o
                0x000018c8                __thumb_startup
 .text.HWEnDi   0x00001918       0x20 ./Generated_Code/AS1.o
 .text.AS1_RecvChar
                0x00001938       0xa0 ./Generated_Code/AS1.o
                0x00001938                AS1_RecvChar
 .text.AS1_SendChar
                0x000019d8       0x7c ./Generated_Code/AS1.o
                0x000019d8                AS1_SendChar
 .text.AS1_Init
                0x00001a54       0x28 ./Generated_Code/AS1.o
                0x00001a54                AS1_Init
 .text.ASerialLdd1_OnBreak
                0x00001a7c       0x2c ./Generated_Code/AS1.o
                0x00001a7c                ASerialLdd1_OnBreak
 .text.HWEnDi   0x00001aa8       0x20 ./Generated_Code/AS2.o
 .text.AS2_RecvChar
                0x00001ac8      0x12c ./Generated_Code/AS2.o
                0x00001ac8                AS2_RecvChar
 .text.AS2_SendChar
                0x00001bf4       0xd0 ./Generated_Code/AS2.o
                0x00001bf4                AS2_SendChar
 .text.AS2_RecvBlock
                0x00001cc4       0x5c ./Generated_Code/AS2.o
                0x00001cc4                AS2_RecvBlock
 .text.AS2_Init
                0x00001d20       0x4c ./Generated_Code/AS2.o
                0x00001d20                AS2_Init
 .text.ASerialLdd2_OnBlockReceived
                0x00001d6c      0x100 ./Generated_Code/AS2.o
                0x00001d6c                ASerialLdd2_OnBlockReceived
 .text.ASerialLdd2_OnBlockSent
                0x00001e6c       0x54 ./Generated_Code/AS2.o
                0x00001e6c                ASerialLdd2_OnBlockSent
 .text.ASerialLdd2_OnError
                0x00001ec0       0xc8 ./Generated_Code/AS2.o
                0x00001ec0                ASerialLdd2_OnError
 .text.ASerialLdd2_OnBreak
                0x00001f88       0x2c ./Generated_Code/AS2.o
                0x00001f88                ASerialLdd2_OnBreak
 .text.ASerialLdd1_Init
                0x00001fb4      0x224 ./Generated_Code/ASerialLdd1.o
                0x00001fb4                ASerialLdd1_Init
 .text.ASerialLdd1_ReceiveBlock
                0x000021d8       0x48 ./Generated_Code/ASerialLdd1.o
                0x000021d8                ASerialLdd1_ReceiveBlock
 .text.ASerialLdd1_SendBlock
                0x00002220       0x58 ./Generated_Code/ASerialLdd1.o
                0x00002220                ASerialLdd1_SendBlock
 .text.ASerialLdd1_GetReceivedDataNum
                0x00002278       0x1c ./Generated_Code/ASerialLdd1.o
                0x00002278                ASerialLdd1_GetReceivedDataNum
 .text.InterruptRx
                0x00002294       0x54 ./Generated_Code/ASerialLdd1.o
 .text.InterruptTx
                0x000022e8       0x64 ./Generated_Code/ASerialLdd1.o
 .text.ASerialLdd1_Main
                0x0000234c       0xe0 ./Generated_Code/ASerialLdd1.o
                0x0000234c                ASerialLdd1_Main
 .text.ASerialLdd1_GetError
                0x0000242c       0x2c ./Generated_Code/ASerialLdd1.o
                0x0000242c                ASerialLdd1_GetError
 .text.ASerialLdd2_Init
                0x00002458      0x2c0 ./Generated_Code/ASerialLdd2.o
                0x00002458                ASerialLdd2_Init
 .text.ASerialLdd2_ReceiveBlock
                0x00002718       0xb0 ./Generated_Code/ASerialLdd2.o
                0x00002718                ASerialLdd2_ReceiveBlock
 .text.ASerialLdd2_SendBlock
                0x000027c8       0xf0 ./Generated_Code/ASerialLdd2.o
                0x000027c8                ASerialLdd2_SendBlock
 .text.InterruptRx
                0x000028b8       0x5c ./Generated_Code/ASerialLdd2.o
 .text.InterruptTx
                0x00002914       0x9c ./Generated_Code/ASerialLdd2.o
 .text.ASerialLdd2_Interrupt
                0x000029b0      0x100 ./Generated_Code/ASerialLdd2.o
                0x000029b0                ASerialLdd2_Interrupt
 .text.ASerialLdd2_GetError
                0x00002ab0       0x90 ./Generated_Code/ASerialLdd2.o
                0x00002ab0                ASerialLdd2_GetError
 .text.Components_Init
                0x00002b40       0x14 ./Generated_Code/Cpu.o
                0x00002b40                Components_Init
 .text.Cpu_INT_NMIInterrupt
                0x00002b54       0x1c ./Generated_Code/Cpu.o
                0x00002b54                Cpu_INT_NMIInterrupt
 .text.LED_AZUL_NegVal
                0x00002b70       0x20 ./Generated_Code/LED_AZUL.o
                0x00002b70                LED_AZUL_NegVal
 .text.LED_ROJO_SetVal
                0x00002b90       0x20 ./Generated_Code/LED_ROJO.o
                0x00002b90                LED_ROJO_SetVal
 .text.LED_VERDE_SetVal
                0x00002bb0       0x20 ./Generated_Code/LED_VERDE.o
                0x00002bb0                LED_VERDE_SetVal
 .text.TimerIntLdd1_OnInterrupt
                0x00002bd0       0x14 ./Generated_Code/TI1.o
                0x00002bd0                TimerIntLdd1_OnInterrupt
 .text.TU1_Init
                0x00002be4      0x174 ./Generated_Code/TU1.o
                0x00002be4                TU1_Init
 .text.TU1_Interrupt
                0x00002d58       0x7c ./Generated_Code/TU1.o
                0x00002d58                TU1_Interrupt
 .text.TimerIntLdd1_Init
                0x00002dd4       0x58 ./Generated_Code/TimerIntLdd1.o
                0x00002dd4                TimerIntLdd1_Init
 .text.TU1_OnCounterRestart
                0x00002e2c       0x24 ./Generated_Code/TimerIntLdd1.o
                0x00002e2c                TU1_OnCounterRestart
 .text.memcpy   0x00002e50       0x12 c:/freescale/kds_2.0.0/toolchain/bin/../lib/gcc/arm-none-eabi/4.8.0/../../../../arm-none-eabi/lib/m4/fp/v4-sp-d16\libg_s.a(lib_a-memcpy.o)
                0x00002e50                memcpy
 *(.rodata)
 *fill*         0x00002e62        0x2 
 .rodata        0x00002e64       0xbc ./Sources/main.o
 *(.rodata*)
 .rodata.ClockGenModeMatrix
                0x00002f20       0x80 ./Static_Code/System/CPU_Init.o
 .rodata.CPU_ClockConfigDescriptors
                0x00002fa0       0x1c ./Static_Code/System/CPU_Init.o
 .rodata.CPU_DefaultFEI
                0x00002fbc        0x8 ./Static_Code/System/CPU_Init.o
 .rodata.CPU_DefaultFBI
                0x00002fc4        0x8 ./Static_Code/System/CPU_Init.o
 .rodata.CPU_DefaultBLPI
                0x00002fcc        0x8 ./Static_Code/System/CPU_Init.o
 .rodata.CPU_DefaultFEE
                0x00002fd4        0x8 ./Static_Code/System/CPU_Init.o
 .rodata.CPU_DefaultFBE
                0x00002fdc        0x8 ./Static_Code/System/CPU_Init.o
 .rodata.CPU_DefaultBLPE
                0x00002fe4        0x8 ./Static_Code/System/CPU_Init.o
 .rodata.CPU_DefaultPBE
                0x00002fec        0x8 ./Static_Code/System/CPU_Init.o
 .rodata.CPU_DefaultPEE
                0x00002ff4        0x8 ./Static_Code/System/CPU_Init.o
 .rodata.CPU_ClockGenModeRegs
                0x00002ffc       0x20 ./Static_Code/System/CPU_Init.o
 *(.glue_7)
 .glue_7        0x00000000        0x0 linker stubs
 *(.glue_7t)
 .glue_7t       0x00000000        0x0 linker stubs
 *(.eh_frame)
 .eh_frame      0x0000301c        0x0 c:/freescale/kds_2.0.0/toolchain/bin/../lib/gcc/arm-none-eabi/4.8.0/m4/fp/v4-sp-d16/crtbegin.o
 *(.init)
 .init          0x0000301c        0x4 c:/freescale/kds_2.0.0/toolchain/bin/../lib/gcc/arm-none-eabi/4.8.0/m4/fp/v4-sp-d16/crti.o
                0x0000301c                _init
 .init          0x00003020        0x8 c:/freescale/kds_2.0.0/toolchain/bin/../lib/gcc/arm-none-eabi/4.8.0/m4/fp/v4-sp-d16/crtn.o
 *(.fini)
 .fini          0x00003028        0x4 c:/freescale/kds_2.0.0/toolchain/bin/../lib/gcc/arm-none-eabi/4.8.0/m4/fp/v4-sp-d16/crti.o
                0x00003028                _fini
 .fini          0x0000302c        0x8 c:/freescale/kds_2.0.0/toolchain/bin/../lib/gcc/arm-none-eabi/4.8.0/m4/fp/v4-sp-d16/crtn.o
                0x00003034                . = ALIGN (0x4)
                0x00003034                _etext = .

.vfp11_veneer   0x00003034        0x0
 .vfp11_veneer  0x00000000        0x0 linker stubs

.v4_bx          0x00003034        0x0
 .v4_bx         0x00000000        0x0 linker stubs

.iplt           0x00003034        0x0
 .iplt          0x00000000        0x0 c:/freescale/kds_2.0.0/toolchain/bin/../lib/gcc/arm-none-eabi/4.8.0/m4/fp/v4-sp-d16/crtbegin.o

.rel.dyn        0x00003034        0x0
 .rel.iplt      0x00000000        0x0 c:/freescale/kds_2.0.0/toolchain/bin/../lib/gcc/arm-none-eabi/4.8.0/m4/fp/v4-sp-d16/crtbegin.o

.ARM.extab
 *(.ARM.extab* .gnu.linkonce.armextab.*)

.ARM            0x00003034        0x0
                0x00003034                __exidx_start = .
 *(.ARM.exidx*)
                0x00003034                __exidx_end = .

.ctors          0x00003034        0x0
                0x00003034                __CTOR_LIST__ = .
 *crtbegin.o(.ctors)
 *(EXCLUDE_FILE(*crtend.o) .ctors)
 *(SORT(.ctors.*))
 *(.ctors)
                0x00003034                __CTOR_END__ = .

.dtors          0x00003034        0x0
                0x00003034                __DTOR_LIST__ = .
 *crtbegin.o(.dtors)
 *(EXCLUDE_FILE(*crtend.o) .dtors)
 *(SORT(.dtors.*))
 *(.dtors)
                0x00003034                __DTOR_END__ = .

.preinit_array  0x00003034        0x0
                0x00003034                PROVIDE (__preinit_array_start, .)
 *(.preinit_array*)
                0x00003034                PROVIDE (__preinit_array_end, .)

.init_array     0x00003034        0x4
                0x00003034                PROVIDE (__init_array_start, .)
 *(SORT(.init_array.*))
 *(.init_array*)
 .init_array    0x00003034        0x4 c:/freescale/kds_2.0.0/toolchain/bin/../lib/gcc/arm-none-eabi/4.8.0/m4/fp/v4-sp-d16/crtbegin.o
                0x00003038                PROVIDE (__init_array_end, .)

.fini_array     0x00003038        0x4
                0x00003038                PROVIDE (__fini_array_start, .)
 *(SORT(.fini_array.*))
 *(.fini_array*)
 .fini_array    0x00003038        0x4 c:/freescale/kds_2.0.0/toolchain/bin/../lib/gcc/arm-none-eabi/4.8.0/m4/fp/v4-sp-d16/crtbegin.o
                0x0000303c                PROVIDE (__fini_array_end, .)
                0x0000303c                ___ROM_AT = .

.data           0x20000000        0x0 load address 0x0000303c
                0x20000000                . = ALIGN (0x4)
                0x20000000                _sdata = .
 *(.data)
 *(.data*)
                0x20000000                . = ALIGN (0x4)
                0x20000000                _edata = .
                0x00000000                ___data_size = (_edata - _sdata)
                0x0000303c                ___m_data_1FFF0000_ROMStart = (___ROM_AT + SIZEOF (.data))

.jcr            0x20000000        0x0
 .jcr           0x20000000        0x0 c:/freescale/kds_2.0.0/toolchain/bin/../lib/gcc/arm-none-eabi/4.8.0/m4/fp/v4-sp-d16/crtbegin.o

.tm_clone_table
                0x20000000        0x0
 .tm_clone_table
                0x20000000        0x0 c:/freescale/kds_2.0.0/toolchain/bin/../lib/gcc/arm-none-eabi/4.8.0/m4/fp/v4-sp-d16/crtbegin.o
 .tm_clone_table
                0x20000000        0x0 c:/freescale/kds_2.0.0/toolchain/bin/../lib/gcc/arm-none-eabi/4.8.0/m4/fp/v4-sp-d16/crtend.o

.igot.plt       0x20000000        0x0
 .igot.plt      0x00000000        0x0 c:/freescale/kds_2.0.0/toolchain/bin/../lib/gcc/arm-none-eabi/4.8.0/m4/fp/v4-sp-d16/crtbegin.o

.m_data_1FFF0000
                0x1fff0000        0x0 load address 0x0000303c
                0x1fff0000                . = ALIGN (0x4)
                0x1fff0000                ___m_data_1FFF0000_RAMStart = .
 *(.m_data_1FFF0000)
                0x1fff0000                ___m_data_1FFF0000_RAMEnd = .
                0x1fff0000                . = ALIGN (0x4)
                0x00000000                ___m_data_1FFF0000_ROMSize = (___m_data_1FFF0000_RAMEnd - ___m_data_1FFF0000_RAMStart)
                0x1fff0000                . = ALIGN (0x4)

.bss            0x20000000      0x100
                0x20000000                __START_BSS = .
                0x20000000                PROVIDE (__bss_start__, __START_BSS)
 *(.bss)
 *(.bss*)
 .bss.completed.6137
                0x20000000        0x1 c:/freescale/kds_2.0.0/toolchain/bin/../lib/gcc/arm-none-eabi/4.8.0/m4/fp/v4-sp-d16/crtbegin.o
 *fill*         0x20000001        0x3 
 .bss.object.6142
                0x20000004       0x18 c:/freescale/kds_2.0.0/toolchain/bin/../lib/gcc/arm-none-eabi/4.8.0/m4/fp/v4-sp-d16/crtbegin.o
 .bss.SR_lock   0x2000001c        0x1 ./Static_Code/System/CPU_Init.o
                0x2000001c                SR_lock
 *fill*         0x2000001d        0x3 
 .bss.ti        0x20000020        0x4 ./Sources/Events.o
                0x20000020                ti
 .bss.argv      0x20000024       0x28 ./Project_Settings/Startup_Code/startup.o
 .bss.SerFlag   0x2000004c        0x2 ./Generated_Code/AS1.o
 .bss.BufferRead
                0x2000004e        0x1 ./Generated_Code/AS1.o
 .bss.OutBuffer
                0x2000004f        0x1 ./Generated_Code/AS1.o
 .bss.SerFlag   0x20000050        0x2 ./Generated_Code/AS2.o
 .bss.AS2_InpLen
                0x20000052        0x2 ./Generated_Code/AS2.o
 .bss.InpIndexR
                0x20000054        0x2 ./Generated_Code/AS2.o
 .bss.InpIndexW
                0x20000056        0x2 ./Generated_Code/AS2.o
 .bss.InpBuffer
                0x20000058        0x4 ./Generated_Code/AS2.o
 .bss.BufferRead
                0x2000005c        0x1 ./Generated_Code/AS2.o
 .bss.OutBuffer
                0x2000005d        0x1 ./Generated_Code/AS2.o
 *fill*         0x2000005e        0x2 
 .bss.DeviceDataPrv__DEFAULT_RTOS_ALLOC
                0x20000060       0x20 ./Generated_Code/ASerialLdd1.o
 .bss.DeviceDataPrv__DEFAULT_RTOS_ALLOC
                0x20000080       0x20 ./Generated_Code/ASerialLdd2.o
 .bss.INT_UART0_RX_TX__DEFAULT_RTOS_ISRPARAM
                0x200000a0        0x4 ./Generated_Code/ASerialLdd2.o
 .bss.INT_UART0_ERR__DEFAULT_RTOS_ISRPARAM
                0x200000a4        0x4 ./Generated_Code/ASerialLdd2.o
 .bss.PE_LDD_DeviceDataList
                0x200000a8       0x1c ./Generated_Code/PE_LDD.o
                0x200000a8                PE_LDD_DeviceDataList
 .bss.DeviceDataPrv__DEFAULT_RTOS_ALLOC
                0x200000c4        0xc ./Generated_Code/TU1.o
 .bss.INT_FTM0__DEFAULT_RTOS_ISRPARAM
                0x200000d0        0x4 ./Generated_Code/TU1.o
 .bss.DeviceDataPrv__DEFAULT_RTOS_ALLOC
                0x200000d4        0xc ./Generated_Code/TimerIntLdd1.o
 *(COMMON)
 COMMON         0x200000e0        0x1 ./Static_Code/System/CPU_Init.o
                0x200000e0                SR_reg
 COMMON         0x200000e1        0x1 ./Sources/Events.o
                0x200000e1                llamada
 *fill*         0x200000e2        0x2 
 COMMON         0x200000e4       0x12 ./Sources/main.o
                0x200000e4                datos
                0x200000e8                encoderAnt
                0x200000ec                encoder
                0x200000f0                distEncoder
                0x200000f4                velReferencia
                0x200000f5                X
 *fill*         0x200000f6        0x2 
 COMMON         0x200000f8        0x4 ./Generated_Code/AS1.o
                0x200000f8                ASerialLdd1_DeviceDataPtr
 COMMON         0x200000fc        0x4 ./Generated_Code/AS2.o
                0x200000fc                ASerialLdd2_DeviceDataPtr
                0x20000100                . = ALIGN (0x4)
                0x20000100                __END_BSS = .
                0x20000100                PROVIDE (__bss_end__, __END_BSS)
                0x0000303c                _romp_at = ((___ROM_AT + SIZEOF (.data)) + SIZEOF (.m_data_1FFF0000))

.romp           0x20000100       0x24 load address 0x0000303c
                0x0000303c                __S_romp = _romp_at
                0x20000100        0x4 LONG 0x303c ___ROM_AT
                0x20000104        0x4 LONG 0x20000000 _sdata
                0x20000108        0x4 LONG 0x0 ___data_size
                0x2000010c        0x4 LONG 0x303c ___m_data_1FFF0000_ROMStart
                0x20000110        0x4 LONG 0x1fff0000 ___m_data_1FFF0000_RAMStart
                0x20000114        0x4 LONG 0x0 ___m_data_1FFF0000_ROMSize
                0x20000118        0x4 LONG 0x0
                0x2000011c        0x4 LONG 0x0
                0x20000120        0x4 LONG 0x0

._user_heap_stack
                0x20000124      0x400 load address 0x00003060
                0x20000124                . = ALIGN (0x4)
                0x20000124                PROVIDE (end, .)
                0x20000124                PROVIDE (_end, .)
                0x20000124                __heap_addr = .
                0x20000124                __HeapBase = .
                0x20000124                . = (. + __heap_size)
                0x20000124                __HeapLimit = .
                0x20000524                . = (. + __stack_size)
 *fill*         0x20000124      0x400 
                0x20000524                . = ALIGN (0x4)

.ARM.attributes
                0x00000000       0x37
 *(.ARM.attributes)
 .ARM.attributes
                0x00000000       0x27 c:/freescale/kds_2.0.0/toolchain/bin/../lib/gcc/arm-none-eabi/4.8.0/m4/fp/v4-sp-d16/crti.o
 .ARM.attributes
                0x00000027       0x39 c:/freescale/kds_2.0.0/toolchain/bin/../lib/gcc/arm-none-eabi/4.8.0/m4/fp/v4-sp-d16/crtbegin.o
 .ARM.attributes
                0x00000060       0x39 ./Static_Code/System/CPU_Init.o
 .ARM.attributes
                0x00000099       0x39 ./Static_Code/System/Vectors.o
 .ARM.attributes
                0x000000d2       0x39 ./Sources/Events.o
 .ARM.attributes
                0x0000010b       0x39 ./Sources/UART.o
 .ARM.attributes
                0x00000144       0x39 ./Sources/main.o
 .ARM.attributes
                0x0000017d       0x39 ./Project_Settings/Startup_Code/startup.o
 .ARM.attributes
                0x000001b6       0x39 ./Generated_Code/AS1.o
 .ARM.attributes
                0x000001ef       0x39 ./Generated_Code/AS2.o
 .ARM.attributes
                0x00000228       0x39 ./Generated_Code/ASerialLdd1.o
 .ARM.attributes
                0x00000261       0x39 ./Generated_Code/ASerialLdd2.o
 .ARM.attributes
                0x0000029a       0x39 ./Generated_Code/Cpu.o
 .ARM.attributes
                0x000002d3       0x39 ./Generated_Code/LED_AZUL.o
 .ARM.attributes
                0x0000030c       0x39 ./Generated_Code/LED_ROJO.o
 .ARM.attributes
                0x00000345       0x39 ./Generated_Code/LED_VERDE.o
 .ARM.attributes
                0x0000037e       0x39 ./Generated_Code/PE_LDD.o
 .ARM.attributes
                0x000003b7       0x39 ./Generated_Code/TI1.o
 .ARM.attributes
                0x000003f0       0x39 ./Generated_Code/TU1.o
 .ARM.attributes
                0x00000429       0x39 ./Generated_Code/TimerIntLdd1.o
 .ARM.attributes
                0x00000462       0x39 c:/freescale/kds_2.0.0/toolchain/bin/../lib/gcc/arm-none-eabi/4.8.0/../../../../arm-none-eabi/lib/m4/fp/v4-sp-d16\libg_s.a(lib_a-memcpy.o)
 .ARM.attributes
                0x0000049b       0x39 c:/freescale/kds_2.0.0/toolchain/bin/../lib/gcc/arm-none-eabi/4.8.0/m4/fp/v4-sp-d16/crtend.o
 .ARM.attributes
                0x000004d4       0x27 c:/freescale/kds_2.0.0/toolchain/bin/../lib/gcc/arm-none-eabi/4.8.0/m4/fp/v4-sp-d16/crtn.o
OUTPUT(ControlMotor.elf elf32-littlearm)

.comment        0x00000000       0x2a
 .comment       0x00000000       0x2a c:/freescale/kds_2.0.0/toolchain/bin/../lib/gcc/arm-none-eabi/4.8.0/m4/fp/v4-sp-d16/crtbegin.o
                                 0x2b (size before relaxing)
 .comment       0x00000000       0x2b ./Static_Code/System/CPU_Init.o
 .comment       0x00000000       0x2b ./Static_Code/System/Vectors.o
 .comment       0x00000000       0x2b ./Sources/Events.o
 .comment       0x00000000       0x2b ./Sources/UART.o
 .comment       0x00000000       0x2b ./Sources/main.o
 .comment       0x00000000       0x2b ./Project_Settings/Startup_Code/startup.o
 .comment       0x00000000       0x2b ./Generated_Code/AS1.o
 .comment       0x00000000       0x2b ./Generated_Code/AS2.o
 .comment       0x00000000       0x2b ./Generated_Code/ASerialLdd1.o
 .comment       0x00000000       0x2b ./Generated_Code/ASerialLdd2.o
 .comment       0x00000000       0x2b ./Generated_Code/Cpu.o
 .comment       0x00000000       0x2b ./Generated_Code/LED_AZUL.o
 .comment       0x00000000       0x2b ./Generated_Code/LED_ROJO.o
 .comment       0x00000000       0x2b ./Generated_Code/LED_VERDE.o
 .comment       0x00000000       0x2b ./Generated_Code/PE_LDD.o
 .comment       0x00000000       0x2b ./Generated_Code/TI1.o
 .comment       0x00000000       0x2b ./Generated_Code/TU1.o
 .comment       0x00000000       0x2b ./Generated_Code/TimerIntLdd1.o
 .comment       0x00000000       0x2b c:/freescale/kds_2.0.0/toolchain/bin/../lib/gcc/arm-none-eabi/4.8.0/../../../../arm-none-eabi/lib/m4/fp/v4-sp-d16\libg_s.a(lib_a-memcpy.o)
 .comment       0x00000000       0x2b c:/freescale/kds_2.0.0/toolchain/bin/../lib/gcc/arm-none-eabi/4.8.0/m4/fp/v4-sp-d16/crtend.o

.debug_info     0x00000000     0x5047
 .debug_info    0x00000000      0xa5a ./Static_Code/System/CPU_Init.o
 .debug_info    0x00000a5a      0x816 ./Static_Code/System/Vectors.o
 .debug_info    0x00001270      0x16c ./Sources/Events.o
 .debug_info    0x000013dc       0xa5 ./Sources/UART.o
 .debug_info    0x00001481      0x461 ./Sources/main.o
 .debug_info    0x000018e2      0x498 ./Project_Settings/Startup_Code/startup.o
 .debug_info    0x00001d7a      0x216 ./Generated_Code/AS1.o
 .debug_info    0x00001f90      0x3e1 ./Generated_Code/AS2.o
 .debug_info    0x00002371      0x87c ./Generated_Code/ASerialLdd1.o
 .debug_info    0x00002bed      0x9bb ./Generated_Code/ASerialLdd2.o
 .debug_info    0x000035a8       0xa7 ./Generated_Code/Cpu.o
 .debug_info    0x0000364f      0x521 ./Generated_Code/LED_AZUL.o
 .debug_info    0x00003b70      0x521 ./Generated_Code/LED_ROJO.o
 .debug_info    0x00004091      0x521 ./Generated_Code/LED_VERDE.o
 .debug_info    0x000045b2      0x23b ./Generated_Code/PE_LDD.o
 .debug_info    0x000047ed       0xb2 ./Generated_Code/TI1.o
 .debug_info    0x0000489f      0x631 ./Generated_Code/TU1.o
 .debug_info    0x00004ed0      0x177 ./Generated_Code/TimerIntLdd1.o

.debug_abbrev   0x00000000     0x162c
 .debug_abbrev  0x00000000      0x1bd ./Static_Code/System/CPU_Init.o
 .debug_abbrev  0x000001bd       0xd6 ./Static_Code/System/Vectors.o
 .debug_abbrev  0x00000293       0xca ./Sources/Events.o
 .debug_abbrev  0x0000035d       0x54 ./Sources/UART.o
 .debug_abbrev  0x000003b1      0x1a2 ./Sources/main.o
 .debug_abbrev  0x00000553      0x1a1 ./Project_Settings/Startup_Code/startup.o
 .debug_abbrev  0x000006f4      0x131 ./Generated_Code/AS1.o
 .debug_abbrev  0x00000825      0x1d6 ./Generated_Code/AS2.o
 .debug_abbrev  0x000009fb      0x1c3 ./Generated_Code/ASerialLdd1.o
 .debug_abbrev  0x00000bbe      0x1db ./Generated_Code/ASerialLdd2.o
 .debug_abbrev  0x00000d99       0x45 ./Generated_Code/Cpu.o
 .debug_abbrev  0x00000dde      0x186 ./Generated_Code/LED_AZUL.o
 .debug_abbrev  0x00000f64      0x186 ./Generated_Code/LED_ROJO.o
 .debug_abbrev  0x000010ea      0x186 ./Generated_Code/LED_VERDE.o
 .debug_abbrev  0x00001270      0x10d ./Generated_Code/PE_LDD.o
 .debug_abbrev  0x0000137d       0x68 ./Generated_Code/TI1.o
 .debug_abbrev  0x000013e5      0x16a ./Generated_Code/TU1.o
 .debug_abbrev  0x0000154f       0xdd ./Generated_Code/TimerIntLdd1.o

.debug_aranges  0x00000000      0x7a8
 .debug_aranges
                0x00000000       0x40 ./Static_Code/System/CPU_Init.o
 .debug_aranges
                0x00000040      0x340 ./Static_Code/System/Vectors.o
 .debug_aranges
                0x00000380       0x48 ./Sources/Events.o
 .debug_aranges
                0x000003c8       0x20 ./Sources/UART.o
 .debug_aranges
                0x000003e8       0x48 ./Sources/main.o
 .debug_aranges
                0x00000430       0x60 ./Project_Settings/Startup_Code/startup.o
 .debug_aranges
                0x00000490       0x50 ./Generated_Code/AS1.o
 .debug_aranges
                0x000004e0       0x78 ./Generated_Code/AS2.o
 .debug_aranges
                0x00000558       0x60 ./Generated_Code/ASerialLdd1.o
 .debug_aranges
                0x000005b8       0x50 ./Generated_Code/ASerialLdd2.o
 .debug_aranges
                0x00000608       0x28 ./Generated_Code/Cpu.o
 .debug_aranges
                0x00000630       0x48 ./Generated_Code/LED_AZUL.o
 .debug_aranges
                0x00000678       0x48 ./Generated_Code/LED_ROJO.o
 .debug_aranges
                0x000006c0       0x48 ./Generated_Code/LED_VERDE.o
 .debug_aranges
                0x00000708       0x30 ./Generated_Code/PE_LDD.o
 .debug_aranges
                0x00000738       0x20 ./Generated_Code/TI1.o
 .debug_aranges
                0x00000758       0x28 ./Generated_Code/TU1.o
 .debug_aranges
                0x00000780       0x28 ./Generated_Code/TimerIntLdd1.o

.debug_ranges   0x00000000      0x688
 .debug_ranges  0x00000000       0x30 ./Static_Code/System/CPU_Init.o
 .debug_ranges  0x00000030      0x330 ./Static_Code/System/Vectors.o
 .debug_ranges  0x00000360       0x38 ./Sources/Events.o
 .debug_ranges  0x00000398       0x10 ./Sources/UART.o
 .debug_ranges  0x000003a8       0x38 ./Sources/main.o
 .debug_ranges  0x000003e0       0x50 ./Project_Settings/Startup_Code/startup.o
 .debug_ranges  0x00000430       0x40 ./Generated_Code/AS1.o
 .debug_ranges  0x00000470       0x68 ./Generated_Code/AS2.o
 .debug_ranges  0x000004d8       0x50 ./Generated_Code/ASerialLdd1.o
 .debug_ranges  0x00000528       0x40 ./Generated_Code/ASerialLdd2.o
 .debug_ranges  0x00000568       0x18 ./Generated_Code/Cpu.o
 .debug_ranges  0x00000580       0x38 ./Generated_Code/LED_AZUL.o
 .debug_ranges  0x000005b8       0x38 ./Generated_Code/LED_ROJO.o
 .debug_ranges  0x000005f0       0x38 ./Generated_Code/LED_VERDE.o
 .debug_ranges  0x00000628       0x20 ./Generated_Code/PE_LDD.o
 .debug_ranges  0x00000648       0x10 ./Generated_Code/TI1.o
 .debug_ranges  0x00000658       0x18 ./Generated_Code/TU1.o
 .debug_ranges  0x00000670       0x18 ./Generated_Code/TimerIntLdd1.o

.debug_macro    0x00000000    0x2f2c2
 .debug_macro   0x00000000      0x1dc ./Static_Code/System/CPU_Init.o
 .debug_macro   0x000001dc      0x850 ./Static_Code/System/CPU_Init.o
 .debug_macro   0x00000a2c      0x214 ./Static_Code/System/CPU_Init.o
 .debug_macro   0x00000c40     0x179f ./Static_Code/System/CPU_Init.o
 .debug_macro   0x000023df    0x10f7a ./Static_Code/System/CPU_Init.o
 .debug_macro   0x00013359      0x472 ./Static_Code/System/CPU_Init.o
 .debug_macro   0x000137cb      0x14e ./Static_Code/System/CPU_Init.o
 .debug_macro   0x00013919       0x6a ./Static_Code/System/CPU_Init.o
 .debug_macro   0x00013983       0x2e ./Static_Code/System/CPU_Init.o
 .debug_macro   0x000139b1       0x2e ./Static_Code/System/CPU_Init.o
 .debug_macro   0x000139df       0x95 ./Static_Code/System/CPU_Init.o
 .debug_macro   0x00013a74       0x16 ./Static_Code/System/CPU_Init.o
 .debug_macro   0x00013a8a       0x65 ./Static_Code/System/CPU_Init.o
 .debug_macro   0x00013aef       0x11 ./Static_Code/System/CPU_Init.o
 .debug_macro   0x00013b00       0x65 ./Static_Code/System/CPU_Init.o
 .debug_macro   0x00013b65       0x18 ./Static_Code/System/CPU_Init.o
 .debug_macro   0x00013b7d       0x94 ./Static_Code/System/CPU_Init.o
 .debug_macro   0x00013c11      0x6a0 ./Static_Code/System/CPU_Init.o
 .debug_macro   0x000142b1       0x49 ./Static_Code/System/CPU_Init.o
 .debug_macro   0x000142fa       0x1c ./Static_Code/System/CPU_Init.o
 .debug_macro   0x00014316      0x131 ./Static_Code/System/CPU_Init.o
 .debug_macro   0x00014447       0x40 ./Static_Code/System/CPU_Init.o
 .debug_macro   0x00014487       0x46 ./Static_Code/System/CPU_Init.o
 .debug_macro   0x000144cd       0x46 ./Static_Code/System/CPU_Init.o
 .debug_macro   0x00014513      0x29c ./Static_Code/System/CPU_Init.o
 .debug_macro   0x000147af      0x1ca ./Static_Code/System/Vectors.o
 .debug_macro   0x00014979      0x2e9 ./Sources/Events.o
 .debug_macro   0x00014c62       0x5f ./Sources/Events.o
 .debug_macro   0x00014cc1      0x61c ./Sources/Events.o
 .debug_macro   0x000152dd      0x626 ./Sources/Events.o
 .debug_macro   0x00015903      0x327 ./Sources/Events.o
 .debug_macro   0x00015c2a      0x1e8 ./Sources/Events.o
 .debug_macro   0x00015e12      0x109 ./Sources/Events.o
 .debug_macro   0x00015f1b      0x17e ./Sources/Events.o
 .debug_macro   0x00016099      0x200 ./Sources/Events.o
 .debug_macro   0x00016299      0x91e ./Sources/Events.o
 .debug_macro   0x00016bb7      0x588 ./Sources/Events.o
 .debug_macro   0x0001713f       0x9e ./Sources/Events.o
 .debug_macro   0x000171dd      0x1f7 ./Sources/Events.o
 .debug_macro   0x000173d4      0x50f ./Sources/Events.o
 .debug_macro   0x000178e3      0x297 ./Sources/Events.o
 .debug_macro   0x00017b7a      0x318 ./Sources/Events.o
 .debug_macro   0x00017e92      0x25a ./Sources/Events.o
 .debug_macro   0x000180ec      0x13d ./Sources/Events.o
 .debug_macro   0x00018229      0x30b ./Sources/Events.o
 .debug_macro   0x00018534       0xba ./Sources/Events.o
 .debug_macro   0x000185ee       0xe9 ./Sources/Events.o
 .debug_macro   0x000186d7      0x4e9 ./Sources/Events.o
 .debug_macro   0x00018bc0      0x191 ./Sources/Events.o
 .debug_macro   0x00018d51       0xea ./Sources/Events.o
 .debug_macro   0x00018e3b      0x348 ./Sources/Events.o
 .debug_macro   0x00019183      0x7d6 ./Sources/Events.o
 .debug_macro   0x00019959      0x179 ./Sources/Events.o
 .debug_macro   0x00019ad2      0x645 ./Sources/Events.o
 .debug_macro   0x0001a117      0x8d8 ./Sources/Events.o
 .debug_macro   0x0001a9ef      0x11c ./Sources/Events.o
 .debug_macro   0x0001ab0b      0x648 ./Sources/Events.o
 .debug_macro   0x0001b153       0x81 ./Sources/Events.o
 .debug_macro   0x0001b1d4      0x7bf ./Sources/Events.o
 .debug_macro   0x0001b993      0x10f ./Sources/Events.o
 .debug_macro   0x0001baa2      0x614 ./Sources/Events.o
 .debug_macro   0x0001c0b6      0x181 ./Sources/Events.o
 .debug_macro   0x0001c237       0xe7 ./Sources/UART.o
 .debug_macro   0x0001c31e       0x5f ./Sources/UART.o
 .debug_macro   0x0001c37d      0x2e9 ./Sources/main.o
 .debug_macro   0x0001c666      0x119 ./Project_Settings/Startup_Code/startup.o
 .debug_macro   0x0001c77f       0x3a ./Project_Settings/Startup_Code/startup.o
 .debug_macro   0x0001c7b9       0x52 ./Project_Settings/Startup_Code/startup.o
 .debug_macro   0x0001c80b       0x19 ./Project_Settings/Startup_Code/startup.o
 .debug_macro   0x0001c824      0x16d ./Project_Settings/Startup_Code/startup.o
 .debug_macro   0x0001c991       0x89 ./Project_Settings/Startup_Code/startup.o
 .debug_macro   0x0001ca1a       0x10 ./Project_Settings/Startup_Code/startup.o
 .debug_macro   0x0001ca2a       0x89 ./Project_Settings/Startup_Code/startup.o
 .debug_macro   0x0001cab3       0x1c ./Project_Settings/Startup_Code/startup.o
 .debug_macro   0x0001cacf       0x10 ./Project_Settings/Startup_Code/startup.o
 .debug_macro   0x0001cadf    0x10f6e ./Project_Settings/Startup_Code/startup.o
 .debug_macro   0x0002da4d      0x119 ./Generated_Code/AS1.o
 .debug_macro   0x0002db66      0x228 ./Generated_Code/AS2.o
 .debug_macro   0x0002dd8e       0xff ./Generated_Code/ASerialLdd1.o
 .debug_macro   0x0002de8d       0x17 ./Generated_Code/ASerialLdd1.o
 .debug_macro   0x0002dea4      0x7b9 ./Generated_Code/ASerialLdd1.o
 .debug_macro   0x0002e65d       0xff ./Generated_Code/ASerialLdd2.o
 .debug_macro   0x0002e75c       0x1e ./Generated_Code/ASerialLdd2.o
 .debug_macro   0x0002e77a      0x1bd ./Generated_Code/Cpu.o
 .debug_macro   0x0002e937       0xe6 ./Generated_Code/LED_AZUL.o
 .debug_macro   0x0002ea1d      0x12b ./Generated_Code/LED_AZUL.o
 .debug_macro   0x0002eb48       0x40 ./Generated_Code/LED_AZUL.o
 .debug_macro   0x0002eb88       0xe6 ./Generated_Code/LED_ROJO.o
 .debug_macro   0x0002ec6e       0xe6 ./Generated_Code/LED_VERDE.o
 .debug_macro   0x0002ed54       0x40 ./Generated_Code/LED_VERDE.o
 .debug_macro   0x0002ed94      0x185 ./Generated_Code/PE_LDD.o
 .debug_macro   0x0002ef19      0x1a9 ./Generated_Code/TI1.o
 .debug_macro   0x0002f0c2       0xfb ./Generated_Code/TU1.o
 .debug_macro   0x0002f1bd      0x105 ./Generated_Code/TimerIntLdd1.o

.debug_line     0x00000000     0x580b
 .debug_line    0x00000000      0x5aa ./Static_Code/System/CPU_Init.o
 .debug_line    0x000005aa      0xb50 ./Static_Code/System/Vectors.o
 .debug_line    0x000010fa      0x634 ./Sources/Events.o
 .debug_line    0x0000172e      0x331 ./Sources/UART.o
 .debug_line    0x00001a5f      0x798 ./Sources/main.o
 .debug_line    0x000021f7      0x3d3 ./Project_Settings/Startup_Code/startup.o
 .debug_line    0x000025ca      0x385 ./Generated_Code/AS1.o
 .debug_line    0x0000294f      0x64f ./Generated_Code/AS2.o
 .debug_line    0x00002f9e      0x469 ./Generated_Code/ASerialLdd1.o
 .debug_line    0x00003407      0x488 ./Generated_Code/ASerialLdd2.o
 .debug_line    0x0000388f      0x4a6 ./Generated_Code/Cpu.o
 .debug_line    0x00003d35      0x3b6 ./Generated_Code/LED_AZUL.o
 .debug_line    0x000040eb      0x3b6 ./Generated_Code/LED_ROJO.o
 .debug_line    0x000044a1      0x3b8 ./Generated_Code/LED_VERDE.o
 .debug_line    0x00004859      0x44e ./Generated_Code/PE_LDD.o
 .debug_line    0x00004ca7      0x44b ./Generated_Code/TI1.o
 .debug_line    0x000050f2      0x394 ./Generated_Code/TU1.o
 .debug_line    0x00005486      0x385 ./Generated_Code/TimerIntLdd1.o

.debug_str      0x00000000    0xe2d54
 .debug_str     0x00000000    0x74957 ./Static_Code/System/CPU_Init.o
                              0x74ac1 (size before relaxing)
 .debug_str     0x00074957      0x9c3 ./Static_Code/System/Vectors.o
                              0x74f15 (size before relaxing)
 .debug_str     0x0007531a    0x6b145 ./Sources/Events.o
                              0xde645 (size before relaxing)
 .debug_str     0x000e045f       0x3b ./Sources/UART.o
                              0x69341 (size before relaxing)
 .debug_str     0x000e049a      0x143 ./Sources/main.o
                              0xde758 (size before relaxing)
 .debug_str     0x000e05dd     0x1998 ./Project_Settings/Startup_Code/startup.o
                              0x62315 (size before relaxing)
 .debug_str     0x000e1f75      0x1b3 ./Generated_Code/AS1.o
                              0x694d8 (size before relaxing)
 .debug_str     0x000e2128      0x191 ./Generated_Code/AS2.o
                              0x73849 (size before relaxing)
 .debug_str     0x000e22b9      0x2ab ./Generated_Code/ASerialLdd1.o
                              0x77790 (size before relaxing)
 .debug_str     0x000e2564      0x1bf ./Generated_Code/ASerialLdd2.o
                              0x77873 (size before relaxing)
 .debug_str     0x000e2723       0x28 ./Generated_Code/Cpu.o
                              0x73572 (size before relaxing)
 .debug_str     0x000e274b       0xea ./Generated_Code/LED_AZUL.o
                              0x6a200 (size before relaxing)
 .debug_str     0x000e2835       0xa8 ./Generated_Code/LED_ROJO.o
                              0x6a200 (size before relaxing)
 .debug_str     0x000e28dd       0xb1 ./Generated_Code/LED_VERDE.o
                              0x6a214 (size before relaxing)
 .debug_str     0x000e298e      0x15f ./Generated_Code/PE_LDD.o
                              0x736f6 (size before relaxing)
 .debug_str     0x000e2aed       0x31 ./Generated_Code/TI1.o
                              0x73580 (size before relaxing)
 .debug_str     0x000e2b1e      0x178 ./Generated_Code/TU1.o
                              0x72828 (size before relaxing)
 .debug_str     0x000e2c96       0xbe ./Generated_Code/TimerIntLdd1.o
                              0x7263c (size before relaxing)

.debug_frame    0x00000000     0x1800
 .debug_frame   0x00000000       0x9c ./Static_Code/System/CPU_Init.o
 .debug_frame   0x0000009c      0xcb0 ./Static_Code/System/Vectors.o
 .debug_frame   0x00000d4c       0xa8 ./Sources/Events.o
 .debug_frame   0x00000df4       0x30 ./Sources/UART.o
 .debug_frame   0x00000e24       0xd4 ./Sources/main.o
 .debug_frame   0x00000ef8      0x108 ./Project_Settings/Startup_Code/startup.o
 .debug_frame   0x00001000       0xdc ./Generated_Code/AS1.o
 .debug_frame   0x000010dc      0x170 ./Generated_Code/AS2.o
 .debug_frame   0x0000124c      0x11c ./Generated_Code/ASerialLdd1.o
 .debug_frame   0x00001368       0xec ./Generated_Code/ASerialLdd2.o
 .debug_frame   0x00001454       0x50 ./Generated_Code/Cpu.o
 .debug_frame   0x000014a4       0xb8 ./Generated_Code/LED_AZUL.o
 .debug_frame   0x0000155c       0xb8 ./Generated_Code/LED_ROJO.o
 .debug_frame   0x00001614       0xb8 ./Generated_Code/LED_VERDE.o
 .debug_frame   0x000016cc       0x64 ./Generated_Code/PE_LDD.o
 .debug_frame   0x00001730       0x30 ./Generated_Code/TI1.o
 .debug_frame   0x00001760       0x50 ./Generated_Code/TU1.o
 .debug_frame   0x000017b0       0x50 ./Generated_Code/TimerIntLdd1.o
